main.c:170:6:MX_TIM5_Init	48	static
main.c:195:6:TimeStamp_Init	8	static
main.c:199:6:TimeStamp_Reset	8	static
main.c:204:10:TimeStamp_Get	4	static
main.c:230:5:BSP_GetPushButton	16	static
main.c:246:5:PusbButton_WaitUnPress	16	static
main.c:264:6:HandleError	32	static
main.c:277:5:DetectSensors	40	static
main.c:368:6:SetupSingleShot	56	static
main.c:479:6:RangeToLetter	24	static
main.c:500:6:Sensor_SetNewRange	16	static
main.c:522:5:RangeDemo	64	static
main.c:623:6:ArmazDistMedia	8	static
main.c:648:6:ResetAndDetectSensor	24	static
main.c:659:5:main	24	static
main.c:820:6:SystemClock_Config	240	static
main.c:876:6:MX_GPIO_Init	48	static
