Archive member included to satisfy reference by file (symbol)

f:/stm32cubeide_1.3.0/stm32cubeide/plugins/com.st.stm32cube.ide.mcu.externaltools.gnu-tools-for-stm32.7-2018-q2-update.win32_1.0.0.201904181610/tools/bin/../lib/gcc/arm-none-eabi/7.3.1/../../../../arm-none-eabi/lib/thumb/v7e-m\libc_nano.a(lib_a-exit.o)
                              f:/stm32cubeide_1.3.0/stm32cubeide/plugins/com.st.stm32cube.ide.mcu.externaltools.gnu-tools-for-stm32.7-2018-q2-update.win32_1.0.0.201904181610/tools/bin/../lib/gcc/arm-none-eabi/7.3.1/../../../../arm-none-eabi/lib/thumb/v7e-m/crt0.o (exit)
f:/stm32cubeide_1.3.0/stm32cubeide/plugins/com.st.stm32cube.ide.mcu.externaltools.gnu-tools-for-stm32.7-2018-q2-update.win32_1.0.0.201904181610/tools/bin/../lib/gcc/arm-none-eabi/7.3.1/../../../../arm-none-eabi/lib/thumb/v7e-m\libc_nano.a(lib_a-impure.o)
                              f:/stm32cubeide_1.3.0/stm32cubeide/plugins/com.st.stm32cube.ide.mcu.externaltools.gnu-tools-for-stm32.7-2018-q2-update.win32_1.0.0.201904181610/tools/bin/../lib/gcc/arm-none-eabi/7.3.1/../../../../arm-none-eabi/lib/thumb/v7e-m\libc_nano.a(lib_a-exit.o) (_global_impure_ptr)
f:/stm32cubeide_1.3.0/stm32cubeide/plugins/com.st.stm32cube.ide.mcu.externaltools.gnu-tools-for-stm32.7-2018-q2-update.win32_1.0.0.201904181610/tools/bin/../lib/gcc/arm-none-eabi/7.3.1/../../../../arm-none-eabi/lib/thumb/v7e-m\libc_nano.a(lib_a-init.o)
                              f:/stm32cubeide_1.3.0/stm32cubeide/plugins/com.st.stm32cube.ide.mcu.externaltools.gnu-tools-for-stm32.7-2018-q2-update.win32_1.0.0.201904181610/tools/bin/../lib/gcc/arm-none-eabi/7.3.1/../../../../arm-none-eabi/lib/thumb/v7e-m/crt0.o (__libc_init_array)
f:/stm32cubeide_1.3.0/stm32cubeide/plugins/com.st.stm32cube.ide.mcu.externaltools.gnu-tools-for-stm32.7-2018-q2-update.win32_1.0.0.201904181610/tools/bin/../lib/gcc/arm-none-eabi/7.3.1/../../../../arm-none-eabi/lib/thumb/v7e-m\libc_nano.a(lib_a-malloc.o)
                              src/main.o (malloc)
f:/stm32cubeide_1.3.0/stm32cubeide/plugins/com.st.stm32cube.ide.mcu.externaltools.gnu-tools-for-stm32.7-2018-q2-update.win32_1.0.0.201904181610/tools/bin/../lib/gcc/arm-none-eabi/7.3.1/../../../../arm-none-eabi/lib/thumb/v7e-m\libc_nano.a(lib_a-memcpy-stub.o)
                              Drivers/BSP/X-NUCLEO-53L0A1/X-NUCLEO-53L0A1.o (memcpy)
f:/stm32cubeide_1.3.0/stm32cubeide/plugins/com.st.stm32cube.ide.mcu.externaltools.gnu-tools-for-stm32.7-2018-q2-update.win32_1.0.0.201904181610/tools/bin/../lib/gcc/arm-none-eabi/7.3.1/../../../../arm-none-eabi/lib/thumb/v7e-m\libc_nano.a(lib_a-memset.o)
                              f:/stm32cubeide_1.3.0/stm32cubeide/plugins/com.st.stm32cube.ide.mcu.externaltools.gnu-tools-for-stm32.7-2018-q2-update.win32_1.0.0.201904181610/tools/bin/../lib/gcc/arm-none-eabi/7.3.1/../../../../arm-none-eabi/lib/thumb/v7e-m/crt0.o (memset)
f:/stm32cubeide_1.3.0/stm32cubeide/plugins/com.st.stm32cube.ide.mcu.externaltools.gnu-tools-for-stm32.7-2018-q2-update.win32_1.0.0.201904181610/tools/bin/../lib/gcc/arm-none-eabi/7.3.1/../../../../arm-none-eabi/lib/thumb/v7e-m\libc_nano.a(lib_a-nano-freer.o)
                              f:/stm32cubeide_1.3.0/stm32cubeide/plugins/com.st.stm32cube.ide.mcu.externaltools.gnu-tools-for-stm32.7-2018-q2-update.win32_1.0.0.201904181610/tools/bin/../lib/gcc/arm-none-eabi/7.3.1/../../../../arm-none-eabi/lib/thumb/v7e-m\libc_nano.a(lib_a-malloc.o) (_free_r)
f:/stm32cubeide_1.3.0/stm32cubeide/plugins/com.st.stm32cube.ide.mcu.externaltools.gnu-tools-for-stm32.7-2018-q2-update.win32_1.0.0.201904181610/tools/bin/../lib/gcc/arm-none-eabi/7.3.1/../../../../arm-none-eabi/lib/thumb/v7e-m\libc_nano.a(lib_a-nano-mallocr.o)
                              f:/stm32cubeide_1.3.0/stm32cubeide/plugins/com.st.stm32cube.ide.mcu.externaltools.gnu-tools-for-stm32.7-2018-q2-update.win32_1.0.0.201904181610/tools/bin/../lib/gcc/arm-none-eabi/7.3.1/../../../../arm-none-eabi/lib/thumb/v7e-m\libc_nano.a(lib_a-malloc.o) (_malloc_r)
f:/stm32cubeide_1.3.0/stm32cubeide/plugins/com.st.stm32cube.ide.mcu.externaltools.gnu-tools-for-stm32.7-2018-q2-update.win32_1.0.0.201904181610/tools/bin/../lib/gcc/arm-none-eabi/7.3.1/../../../../arm-none-eabi/lib/thumb/v7e-m\libc_nano.a(lib_a-sbrkr.o)
                              f:/stm32cubeide_1.3.0/stm32cubeide/plugins/com.st.stm32cube.ide.mcu.externaltools.gnu-tools-for-stm32.7-2018-q2-update.win32_1.0.0.201904181610/tools/bin/../lib/gcc/arm-none-eabi/7.3.1/../../../../arm-none-eabi/lib/thumb/v7e-m\libc_nano.a(lib_a-nano-mallocr.o) (_sbrk_r)
f:/stm32cubeide_1.3.0/stm32cubeide/plugins/com.st.stm32cube.ide.mcu.externaltools.gnu-tools-for-stm32.7-2018-q2-update.win32_1.0.0.201904181610/tools/bin/../lib/gcc/arm-none-eabi/7.3.1/../../../../arm-none-eabi/lib/thumb/v7e-m\libc_nano.a(lib_a-sprintf.o)
                              src/main.o (sprintf)
[...]
Memory Configuration

Name             Origin             Length             Attributes
FLASH            0x0000000008000000 0x0000000000100000 xr
RAM              0x0000000020000000 0x0000000000018000 xrw
*default*        0x0000000000000000 0xffffffffffffffff

Linker script and memory map

LOAD f:/stm32cubeide_1.3.0/stm32cubeide/plugins/com.st.stm32cube.ide.mcu.externaltools.gnu-tools-for-stm32.7-2018-q2-update.win32_1.0.0.201904181610/tools/bin/../lib/gcc/arm-none-eabi/7.3.1/thumb/v7e-m/crti.o
LOAD f:/stm32cubeide_1.3.0/stm32cubeide/plugins/com.st.stm32cube.ide.mcu.externaltools.gnu-tools-for-stm32.7-2018-q2-update.win32_1.0.0.201904181610/tools/bin/../lib/gcc/arm-none-eabi/7.3.1/thumb/v7e-m/crtbegin.o
LOAD f:/stm32cubeide_1.3.0/stm32cubeide/plugins/com.st.stm32cube.ide.mcu.externaltools.gnu-tools-for-stm32.7-2018-q2-update.win32_1.0.0.201904181610/tools/bin/../lib/gcc/arm-none-eabi/7.3.1/../../../../arm-none-eabi/lib/thumb/v7e-m/crt0.o
LOAD Drivers/BSP/X-NUCLEO-53L0A1/X-NUCLEO-53L0A1.o
LOAD Drivers/BSP/X-NUCLEO-53L0A1/uart_trace.o
LOAD Drivers/BSP/X-NUCLEO-53L0A1/vl53l0a1-x4msp.o
LOAD Drivers/BSP/X-NUCLEO-53L0A1/vl53l0x_platform.o
LOAD Drivers/BSP/vl53l0x/vl53l0x_api.o
LOAD Drivers/BSP/vl53l0x/vl53l0x_api_calibration.o
LOAD Drivers/BSP/vl53l0x/vl53l0x_api_core.o
LOAD Drivers/BSP/vl53l0x/vl53l0x_api_ranging.o
LOAD Drivers/BSP/vl53l0x/vl53l0x_api_strings.o
LOAD Drivers/BSP/vl53l0x/vl53l0x_platform_log.o
LOAD Drivers/CMSIS/system_stm32l4xx.o
LOAD Drivers/STM32L4xx_HAL_Driver/stm32l4xx_hal.o
LOAD Drivers/STM32L4xx_HAL_Driver/stm32l4xx_hal_cortex.o
LOAD Drivers/STM32L4xx_HAL_Driver/stm32l4xx_hal_dma.o
LOAD Drivers/STM32L4xx_HAL_Driver/stm32l4xx_hal_flash.o
LOAD Drivers/STM32L4xx_HAL_Driver/stm32l4xx_hal_flash_ex.o
LOAD Drivers/STM32L4xx_HAL_Driver/stm32l4xx_hal_flash_ramfunc.o
LOAD Drivers/STM32L4xx_HAL_Driver/stm32l4xx_hal_gpio.o
LOAD Drivers/STM32L4xx_HAL_Driver/stm32l4xx_hal_i2c.o
LOAD Drivers/STM32L4xx_HAL_Driver/stm32l4xx_hal_i2c_ex.o
LOAD Drivers/STM32L4xx_HAL_Driver/stm32l4xx_hal_pwr.o
LOAD Drivers/STM32L4xx_HAL_Driver/stm32l4xx_hal_pwr_ex.o
LOAD Drivers/STM32L4xx_HAL_Driver/stm32l4xx_hal_rcc.o
LOAD Drivers/STM32L4xx_HAL_Driver/stm32l4xx_hal_rcc_ex.o
LOAD Drivers/STM32L4xx_HAL_Driver/stm32l4xx_hal_tim.o
LOAD Drivers/STM32L4xx_HAL_Driver/stm32l4xx_hal_tim_ex.o
LOAD Drivers/STM32L4xx_HAL_Driver/stm32l4xx_hal_uart.o
LOAD Drivers/STM32L4xx_HAL_Driver/stm32l4xx_hal_uart_ex.o
LOAD src/main.o
LOAD src/stm32l4xx_hal_msp.o
LOAD src/stm32l4xx_it.o
LOAD startup/startup_stm32l476xx.o
START GROUP
LOAD f:/stm32cubeide_1.3.0/stm32cubeide/plugins/com.st.stm32cube.ide.mcu.externaltools.gnu-tools-for-stm32.7-2018-q2-update.win32_1.0.0.201904181610/tools/bin/../lib/gcc/arm-none-eabi/7.3.1/../../../../arm-none-eabi/lib/thumb/v7e-m\libc_nano.a
LOAD f:/stm32cubeide_1.3.0/stm32cubeide/plugins/com.st.stm32cube.ide.mcu.externaltools.gnu-tools-for-stm32.7-2018-q2-update.win32_1.0.0.201904181610/tools/bin/../lib/gcc/arm-none-eabi/7.3.1/../../../../arm-none-eabi/lib/thumb/v7e-m\libm.a
END GROUP
START GROUP
LOAD f:/stm32cubeide_1.3.0/stm32cubeide/plugins/com.st.stm32cube.ide.mcu.externaltools.gnu-tools-for-stm32.7-2018-q2-update.win32_1.0.0.201904181610/tools/bin/../lib/gcc/arm-none-eabi/7.3.1/thumb/v7e-m\libgcc.a
LOAD f:/stm32cubeide_1.3.0/stm32cubeide/plugins/com.st.stm32cube.ide.mcu.externaltools.gnu-tools-for-stm32.7-2018-q2-update.win32_1.0.0.201904181610/tools/bin/../lib/gcc/arm-none-eabi/7.3.1/../../../../arm-none-eabi/lib/thumb/v7e-m\libc_nano.a
END GROUP
START GROUP
LOAD f:/stm32cubeide_1.3.0/stm32cubeide/plugins/com.st.stm32cube.ide.mcu.externaltools.gnu-tools-for-stm32.7-2018-q2-update.win32_1.0.0.201904181610/tools/bin/../lib/gcc/arm-none-eabi/7.3.1/thumb/v7e-m\libgcc.a
LOAD f:/stm32cubeide_1.3.0/stm32cubeide/plugins/com.st.stm32cube.ide.mcu.externaltools.gnu-tools-for-stm32.7-2018-q2-update.win32_1.0.0.201904181610/tools/bin/../lib/gcc/arm-none-eabi/7.3.1/../../../../arm-none-eabi/lib/thumb/v7e-m\libc_nano.a
LOAD f:/stm32cubeide_1.3.0/stm32cubeide/plugins/com.st.stm32cube.ide.mcu.externaltools.gnu-tools-for-stm32.7-2018-q2-update.win32_1.0.0.201904181610/tools/bin/../lib/gcc/arm-none-eabi/7.3.1/../../../../arm-none-eabi/lib/thumb/v7e-m\libnosys.a
END GROUP
START GROUP
LOAD f:/stm32cubeide_1.3.0/stm32cubeide/plugins/com.st.stm32cube.ide.mcu.externaltools.gnu-tools-for-stm32.7-2018-q2-update.win32_1.0.0.201904181610/tools/bin/../lib/gcc/arm-none-eabi/7.3.1/thumb/v7e-m\libgcc.a
LOAD f:/stm32cubeide_1.3.0/stm32cubeide/plugins/com.st.stm32cube.ide.mcu.externaltools.gnu-tools-for-stm32.7-2018-q2-update.win32_1.0.0.201904181610/tools/bin/../lib/gcc/arm-none-eabi/7.3.1/../../../../arm-none-eabi/lib/thumb/v7e-m\libc_nano.a
LOAD f:/stm32cubeide_1.3.0/stm32cubeide/plugins/com.st.stm32cube.ide.mcu.externaltools.gnu-tools-for-stm32.7-2018-q2-update.win32_1.0.0.201904181610/tools/bin/../lib/gcc/arm-none-eabi/7.3.1/../../../../arm-none-eabi/lib/thumb/v7e-m\libnosys.a
END GROUP
LOAD f:/stm32cubeide_1.3.0/stm32cubeide/plugins/com.st.stm32cube.ide.mcu.externaltools.gnu-tools-for-stm32.7-2018-q2-update.win32_1.0.0.201904181610/tools/bin/../lib/gcc/arm-none-eabi/7.3.1/thumb/v7e-m/crtend.o
LOAD f:/stm32cubeide_1.3.0/stm32cubeide/plugins/com.st.stm32cube.ide.mcu.externaltools.gnu-tools-for-stm32.7-2018-q2-update.win32_1.0.0.201904181610/tools/bin/../lib/gcc/arm-none-eabi/7.3.1/thumb/v7e-m/crtn.o
                0x0000000020018000                _estack = 0x20018000
                0x0000000000000200                _Min_Heap_Size = 0x200
                0x0000000000000400                _Min_Stack_Size = 0x400

.isr_vector     0x0000000008000000      0x188
                0x0000000008000000                . = ALIGN (0x8)
 *(.isr_vector)
 .isr_vector    0x0000000008000000      0x188 startup/startup_stm32l476xx.o
                0x0000000008000000                g_pfnVectors
                0x0000000008000188                . = ALIGN (0x8)

.text           0x0000000008000190     0xcbe0
                0x0000000008000190                . = ALIGN (0x8)
 *(.text)
 .text          0x0000000008000190       0x40 f:/stm32cubeide_1.3.0/stm32cubeide/plugins/com.st.stm32cube.ide.mcu.externaltools.gnu-tools-for-stm32.7-2018-q2-update.win32_1.0.0.201904181610/tools/bin/../lib/gcc/arm-none-eabi/7.3.1/thumb/v7e-m/crtbegin.o
 .text          0x00000000080001d0       0xa0 f:/stm32cubeide_1.3.0/stm32cubeide/plugins/com.st.stm32cube.ide.mcu.externaltools.gnu-tools-for-stm32.7-2018-q2-update.win32_1.0.0.201904181610/tools/bin/../lib/gcc/arm-none-eabi/7.3.1/../../../../arm-none-eabi/lib/thumb/v7e-m\libc_nano.a(lib_a-memchr.o)
                0x00000000080001d0                memchr
 .text          0x0000000008000270       0x30 f:/stm32cubeide_1.3.0/stm32cubeide/plugins/com.st.stm32cube.ide.mcu.externaltools.gnu-tools-for-stm32.7-2018-q2-update.win32_1.0.0.201904181610/tools/bin/../lib/gcc/arm-none-eabi/7.3.1/thumb/v7e-m\libgcc.a(_aeabi_uldivmod.o)
                0x0000000008000270                __aeabi_uldivmod
 .text          0x00000000080002a0      0x2cc f:/stm32cubeide_1.3.0/stm32cubeide/plugins/com.st.stm32cube.ide.mcu.externaltools.gnu-tools-for-stm32.7-2018-q2-update.win32_1.0.0.201904181610/tools/bin/../lib/gcc/arm-none-eabi/7.3.1/thumb/v7e-m\libgcc.a(_udivmoddi4.o)
                0x00000000080002a0                __udivmoddi4
 .text          0x000000000800056c        0x4 f:/stm32cubeide_1.3.0/stm32cubeide/plugins/com.st.stm32cube.ide.mcu.externaltools.gnu-tools-for-stm32.7-2018-q2-update.win32_1.0.0.201904181610/tools/bin/../lib/gcc/arm-none-eabi/7.3.1/thumb/v7e-m\libgcc.a(_dvmd_tls.o)
                0x000000000800056c                __aeabi_idiv0
                0x000000000800056c                __aeabi_ldiv0
 *(.text*)
 .text._I2cFailRecover
                0x0000000008000570      0x144 Drivers/BSP/X-NUCLEO-53L0A1/X-NUCLEO-53L0A1.o
 .text.XNUCLEO53L0A1_I2C1Configure
                0x00000000080006b4       0xb4 Drivers/BSP/X-NUCLEO-53L0A1/X-NUCLEO-53L0A1.o
                0x00000000080006b4                XNUCLEO53L0A1_I2C1Configure
 .text.XNUCLEO53L0A1_Init
                0x0000000008000768      0x110 Drivers/BSP/X-NUCLEO-53L0A1/X-NUCLEO-53L0A1.o
                0x0000000008000768                XNUCLEO53L0A1_Init
 .text.XNUCLEO53L0A1_ResetId
                0x0000000008000878      0x114 Drivers/BSP/X-NUCLEO-53L0A1/X-NUCLEO-53L0A1.o
                0x0000000008000878                XNUCLEO53L0A1_ResetId
 .text._ExpandersSetAllIO
                0x000000000800098c       0x40 Drivers/BSP/X-NUCLEO-53L0A1/X-NUCLEO-53L0A1.o
 .text._ExpanderRd
                0x00000000080009cc       0x64 Drivers/BSP/X-NUCLEO-53L0A1/X-NUCLEO-53L0A1.o
 .text._ExpanderWR
                0x0000000008000a30       0x54 Drivers/BSP/X-NUCLEO-53L0A1/X-NUCLEO-53L0A1.o
 .text.XNUCLEO53L0A1_SetDisplayString
                0x0000000008000a84       0xd0 Drivers/BSP/X-NUCLEO-53L0A1/X-NUCLEO-53L0A1.o
                0x0000000008000a84                XNUCLEO53L0A1_SetDisplayString
 .text.HAL_UART_TxCpltCallback
                0x0000000008000b54       0x1c Drivers/BSP/X-NUCLEO-53L0A1/uart_trace.o
                0x0000000008000b54                HAL_UART_TxCpltCallback
 .text.uart_vprintf
                0x0000000008000b70       0x74 Drivers/BSP/X-NUCLEO-53L0A1/uart_trace.o
                0x0000000008000b70                uart_vprintf
 .text.uart_printf
                0x0000000008000be4       0x38 Drivers/BSP/X-NUCLEO-53L0A1/uart_trace.o
                0x0000000008000be4                uart_printf
 .text.VL53L0A1_EXTI_Callback
                0x0000000008000c1c       0x14 Drivers/BSP/X-NUCLEO-53L0A1/vl53l0a1-x4msp.o
                0x0000000008000c1c                VL53L0A1_EXTI_Callback
 .text.DMA1_Channel7_IRQHandler
                0x0000000008000c30       0x14 Drivers/BSP/X-NUCLEO-53L0A1/vl53l0a1-x4msp.o
                0x0000000008000c30                DMA1_Channel7_IRQHandler
 .text.MX_DMA_Init
                0x0000000008000c44       0x3c Drivers/BSP/X-NUCLEO-53L0A1/vl53l0a1-x4msp.o
 .text.XNUCLEO53L0A1_USART2_UART_Init
                0x0000000008000c80       0x58 Drivers/BSP/X-NUCLEO-53L0A1/vl53l0a1-x4msp.o
                0x0000000008000c80                XNUCLEO53L0A1_USART2_UART_Init
 .text.HAL_UART_MspInit
                0x0000000008000cd8       0xbc Drivers/BSP/X-NUCLEO-53L0A1/vl53l0a1-x4msp.o
                0x0000000008000cd8                HAL_UART_MspInit
 .text.USART2_IRQHandler
                0x0000000008000d94       0x14 Drivers/BSP/X-NUCLEO-53L0A1/vl53l0a1-x4msp.o
                0x0000000008000d94                USART2_IRQHandler
 .text.HAL_GPIO_EXTI_Callback
                0x0000000008000da8       0x48 Drivers/BSP/X-NUCLEO-53L0A1/vl53l0a1-x4msp.o
                0x0000000008000da8                HAL_GPIO_EXTI_Callback
 .text.EXTI4_IRQHandler
                0x0000000008000df0        0xe Drivers/BSP/X-NUCLEO-53L0A1/vl53l0a1-x4msp.o
                0x0000000008000df0                EXTI4_IRQHandler
 .text.EXTI9_5_IRQHandler
                0x0000000008000dfe        0xe Drivers/BSP/X-NUCLEO-53L0A1/vl53l0a1-x4msp.o
                0x0000000008000dfe                EXTI9_5_IRQHandler
 .text.EXTI15_10_IRQHandler
                0x0000000008000e0c       0x10 Drivers/BSP/X-NUCLEO-53L0A1/vl53l0a1-x4msp.o
                0x0000000008000e0c                EXTI15_10_IRQHandler
 .text._I2CWrite
                0x0000000008000e1c       0x3e Drivers/BSP/X-NUCLEO-53L0A1/vl53l0x_platform.o
                0x0000000008000e1c                _I2CWrite
 .text._I2CRead
                0x0000000008000e5a       0x44 Drivers/BSP/X-NUCLEO-53L0A1/vl53l0x_platform.o
                0x0000000008000e5a                _I2CRead
 *fill*         0x0000000008000e9e        0x2 
 .text.VL53L0X_WriteMulti
                0x0000000008000ea0       0x60 Drivers/BSP/X-NUCLEO-53L0A1/vl53l0x_platform.o
                0x0000000008000ea0                VL53L0X_WriteMulti
 .text.VL53L0X_ReadMulti
                0x0000000008000f00       0x56 Drivers/BSP/X-NUCLEO-53L0A1/vl53l0x_platform.o
                0x0000000008000f00                VL53L0X_ReadMulti
 *fill*         0x0000000008000f56        0x2 
 .text.VL53L0X_WrByte
                0x0000000008000f58       0x48 Drivers/BSP/X-NUCLEO-53L0A1/vl53l0x_platform.o
                0x0000000008000f58                VL53L0X_WrByte
 .text.VL53L0X_WrWord
                0x0000000008000fa0       0x54 Drivers/BSP/X-NUCLEO-53L0A1/vl53l0x_platform.o
                0x0000000008000fa0                VL53L0X_WrWord
 .text.VL53L0X_UpdateByte
                0x0000000008000ff4       0x68 Drivers/BSP/X-NUCLEO-53L0A1/vl53l0x_platform.o
                0x0000000008000ff4                VL53L0X_UpdateByte
 .text.VL53L0X_RdByte
                0x000000000800105c       0x54 Drivers/BSP/X-NUCLEO-53L0A1/vl53l0x_platform.o
                0x000000000800105c                VL53L0X_RdByte
 .text.VL53L0X_RdWord
                0x00000000080010b0       0x70 Drivers/BSP/X-NUCLEO-53L0A1/vl53l0x_platform.o
                0x00000000080010b0                VL53L0X_RdWord
 .text.VL53L0X_RdDWord
                0x0000000008001120       0x78 Drivers/BSP/X-NUCLEO-53L0A1/vl53l0x_platform.o
                0x0000000008001120                VL53L0X_RdDWord
 .text.VL53L0X_PollingDelay
                0x0000000008001198       0x1e Drivers/BSP/X-NUCLEO-53L0A1/vl53l0x_platform.o
                0x0000000008001198                VL53L0X_PollingDelay
 *fill*         0x00000000080011b6        0x2 
 .text.VL53L0X_GetOffsetCalibrationDataMicroMeter
                0x00000000080011b8       0x7c Drivers/BSP/vl53l0x/vl53l0x_api.o
                0x00000000080011b8                VL53L0X_GetOffsetCalibrationDataMicroMeter
 .text.VL53L0X_SetDeviceAddress
                0x0000000008001234       0x88 Drivers/BSP/vl53l0x/vl53l0x_api.o
                0x0000000008001234                VL53L0X_SetDeviceAddress
 .text.VL53L0X_DataInit
                0x00000000080012bc      0x31c Drivers/BSP/vl53l0x/vl53l0x_api.o
                0x00000000080012bc                VL53L0X_DataInit
 .text.VL53L0X_StaticInit
                0x00000000080015d8      0x358 Drivers/BSP/vl53l0x/vl53l0x_api.o
                0x00000000080015d8                VL53L0X_StaticInit
 .text.VL53L0X_GetDeviceParameters
                0x0000000008001930      0x178 Drivers/BSP/vl53l0x/vl53l0x_api.o
                0x0000000008001930                VL53L0X_GetDeviceParameters
 .text.VL53L0X_SetDeviceMode
                0x0000000008001aa8       0xe8 Drivers/BSP/vl53l0x/vl53l0x_api.o
                0x0000000008001aa8                VL53L0X_SetDeviceMode
 .text.VL53L0X_GetDeviceMode
                0x0000000008001b90       0x78 Drivers/BSP/vl53l0x/vl53l0x_api.o
                0x0000000008001b90                VL53L0X_GetDeviceMode
 .text.VL53L0X_GetFractionEnable
                0x0000000008001c08       0x94 Drivers/BSP/vl53l0x/vl53l0x_api.o
                0x0000000008001c08                VL53L0X_GetFractionEnable
 .text.VL53L0X_SetMeasurementTimingBudgetMicroSeconds
                0x0000000008001c9c       0x7c Drivers/BSP/vl53l0x/vl53l0x_api.o
                0x0000000008001c9c                VL53L0X_SetMeasurementTimingBudgetMicroSeconds
 .text.VL53L0X_GetMeasurementTimingBudgetMicroSeconds
                0x0000000008001d18       0x7c Drivers/BSP/vl53l0x/vl53l0x_api.o
                0x0000000008001d18                VL53L0X_GetMeasurementTimingBudgetMicroSeconds
 .text.VL53L0X_SetVcselPulsePeriod
                0x0000000008001d94       0x88 Drivers/BSP/vl53l0x/vl53l0x_api.o
                0x0000000008001d94                VL53L0X_SetVcselPulsePeriod
 .text.VL53L0X_GetVcselPulsePeriod
                0x0000000008001e1c       0x84 Drivers/BSP/vl53l0x/vl53l0x_api.o
                0x0000000008001e1c                VL53L0X_GetVcselPulsePeriod
 .text.VL53L0X_SetSequenceStepEnable
                0x0000000008001ea0      0x19c Drivers/BSP/vl53l0x/vl53l0x_api.o
                0x0000000008001ea0                VL53L0X_SetSequenceStepEnable
 .text.sequence_step_enabled
                0x000000000800203c       0xf8 Drivers/BSP/vl53l0x/vl53l0x_api.o
                0x000000000800203c                sequence_step_enabled
 .text.VL53L0X_GetSequenceStepEnables
                0x0000000008002134      0x108 Drivers/BSP/vl53l0x/vl53l0x_api.o
                0x0000000008002134                VL53L0X_GetSequenceStepEnables
 .text.VL53L0X_GetInterMeasurementPeriodMilliSeconds
                0x000000000800223c       0xc0 Drivers/BSP/vl53l0x/vl53l0x_api.o
                0x000000000800223c                VL53L0X_GetInterMeasurementPeriodMilliSeconds
 .text.VL53L0X_GetXTalkCompensationEnable
                0x00000000080022fc       0x7c Drivers/BSP/vl53l0x/vl53l0x_api.o
                0x00000000080022fc                VL53L0X_GetXTalkCompensationEnable
 .text.VL53L0X_GetXTalkCompensationRateMegaCps
                0x0000000008002378       0xbc Drivers/BSP/vl53l0x/vl53l0x_api.o
                0x0000000008002378                VL53L0X_GetXTalkCompensationRateMegaCps
 .text.VL53L0X_SetLimitCheckEnable
                0x0000000008002434      0x170 Drivers/BSP/vl53l0x/vl53l0x_api.o
                0x0000000008002434                VL53L0X_SetLimitCheckEnable
 .text.VL53L0X_GetLimitCheckEnable
                0x00000000080025a4       0x98 Drivers/BSP/vl53l0x/vl53l0x_api.o
                0x00000000080025a4                VL53L0X_GetLimitCheckEnable
 .text.VL53L0X_SetLimitCheckValue
                0x000000000800263c      0x118 Drivers/BSP/vl53l0x/vl53l0x_api.o
                0x000000000800263c                VL53L0X_SetLimitCheckValue
 .text.VL53L0X_GetLimitCheckValue
                0x0000000008002754      0x170 Drivers/BSP/vl53l0x/vl53l0x_api.o
                0x0000000008002754                VL53L0X_GetLimitCheckValue
 .text.VL53L0X_GetWrapAroundCheckEnable
                0x00000000080028c4       0xbc Drivers/BSP/vl53l0x/vl53l0x_api.o
                0x00000000080028c4                VL53L0X_GetWrapAroundCheckEnable
 .text.VL53L0X_PerformSingleMeasurement
                0x0000000008002980       0xc0 Drivers/BSP/vl53l0x/vl53l0x_api.o
                0x0000000008002980                VL53L0X_PerformSingleMeasurement
 .text.VL53L0X_PerformRefCalibration
                0x0000000008002a40       0x84 Drivers/BSP/vl53l0x/vl53l0x_api.o
                0x0000000008002a40                VL53L0X_PerformRefCalibration
 .text.VL53L0X_CheckAndLoadInterruptSettings
                0x0000000008002ac4       0xcc Drivers/BSP/vl53l0x/vl53l0x_api.o
                0x0000000008002ac4                VL53L0X_CheckAndLoadInterruptSettings
 .text.VL53L0X_StartMeasurement
                0x0000000008002b90      0x1d4 Drivers/BSP/vl53l0x/vl53l0x_api.o
                0x0000000008002b90                VL53L0X_StartMeasurement
 .text.VL53L0X_GetMeasurementDataReady
                0x0000000008002d64       0xd8 Drivers/BSP/vl53l0x/vl53l0x_api.o
                0x0000000008002d64                VL53L0X_GetMeasurementDataReady
 .text.VL53L0X_GetRangingMeasurementData
                0x0000000008002e3c      0x2a0 Drivers/BSP/vl53l0x/vl53l0x_api.o
                0x0000000008002e3c                VL53L0X_GetRangingMeasurementData
 .text.VL53L0X_PerformSingleRangingMeasurement
                0x00000000080030dc       0xb8 Drivers/BSP/vl53l0x/vl53l0x_api.o
                0x00000000080030dc                VL53L0X_PerformSingleRangingMeasurement
 .text.VL53L0X_SetGpioConfig
                0x0000000008003194      0x2a4 Drivers/BSP/vl53l0x/vl53l0x_api.o
                0x0000000008003194                VL53L0X_SetGpioConfig
 .text.VL53L0X_GetInterruptThresholds
                0x0000000008003438       0xc4 Drivers/BSP/vl53l0x/vl53l0x_api.o
                0x0000000008003438                VL53L0X_GetInterruptThresholds
 .text.VL53L0X_ClearInterruptMask
                0x00000000080034fc       0xd8 Drivers/BSP/vl53l0x/vl53l0x_api.o
                0x00000000080034fc                VL53L0X_ClearInterruptMask
 .text.VL53L0X_GetInterruptMaskStatus
                0x00000000080035d4       0x9c Drivers/BSP/vl53l0x/vl53l0x_api.o
                0x00000000080035d4                VL53L0X_GetInterruptMaskStatus
 .text.VL53L0X_PerformRefSpadManagement
                0x0000000008003670       0x80 Drivers/BSP/vl53l0x/vl53l0x_api.o
                0x0000000008003670                VL53L0X_PerformRefSpadManagement
 .text.VL53L0X_get_offset_calibration_data_micro_meter
                0x00000000080036f0       0x7e Drivers/BSP/vl53l0x/vl53l0x_api_calibration.o
                0x00000000080036f0                VL53L0X_get_offset_calibration_data_micro_meter
 .text.get_next_good_spad
                0x000000000800376e       0xba Drivers/BSP/vl53l0x/vl53l0x_api_calibration.o
                0x000000000800376e                get_next_good_spad
 .text.is_aperture
                0x0000000008003828       0x34 Drivers/BSP/vl53l0x/vl53l0x_api_calibration.o
                0x0000000008003828                is_aperture
 .text.enable_spad_bit
                0x000000000800385c       0x6e Drivers/BSP/vl53l0x/vl53l0x_api_calibration.o
                0x000000000800385c                enable_spad_bit
 .text.set_ref_spad_map
                0x00000000080038ca       0x26 Drivers/BSP/vl53l0x/vl53l0x_api_calibration.o
                0x00000000080038ca                set_ref_spad_map
 .text.get_ref_spad_map
                0x00000000080038f0       0x26 Drivers/BSP/vl53l0x/vl53l0x_api_calibration.o
                0x00000000080038f0                get_ref_spad_map
 .text.enable_ref_spads
                0x0000000008003916       0xf8 Drivers/BSP/vl53l0x/vl53l0x_api_calibration.o
                0x0000000008003916                enable_ref_spads
 .text.perform_ref_signal_measurement
                0x0000000008003a0e       0xd4 Drivers/BSP/vl53l0x/vl53l0x_api_calibration.o
                0x0000000008003a0e                perform_ref_signal_measurement
 .text.VL53L0X_perform_ref_spad_management
                0x0000000008003ae2      0x418 Drivers/BSP/vl53l0x/vl53l0x_api_calibration.o
                0x0000000008003ae2                VL53L0X_perform_ref_spad_management
 .text.VL53L0X_set_reference_spads
                0x0000000008003efa      0x14a Drivers/BSP/vl53l0x/vl53l0x_api_calibration.o
                0x0000000008003efa                VL53L0X_set_reference_spads
 .text.VL53L0X_perform_single_ref_calibration
                0x0000000008004044       0x76 Drivers/BSP/vl53l0x/vl53l0x_api_calibration.o
                0x0000000008004044                VL53L0X_perform_single_ref_calibration
 .text.VL53L0X_ref_calibration_io
                0x00000000080040ba      0x132 Drivers/BSP/vl53l0x/vl53l0x_api_calibration.o
                0x00000000080040ba                VL53L0X_ref_calibration_io
 .text.VL53L0X_perform_vhv_calibration
                0x00000000080041ec       0xce Drivers/BSP/vl53l0x/vl53l0x_api_calibration.o
                0x00000000080041ec                VL53L0X_perform_vhv_calibration
 .text.VL53L0X_perform_phase_calibration
                0x00000000080042ba       0xca Drivers/BSP/vl53l0x/vl53l0x_api_calibration.o
                0x00000000080042ba                VL53L0X_perform_phase_calibration
 .text.VL53L0X_perform_ref_calibration
                0x0000000008004384       0x7a Drivers/BSP/vl53l0x/vl53l0x_api_calibration.o
                0x0000000008004384                VL53L0X_perform_ref_calibration
 *fill*         0x00000000080043fe        0x2 
 .text.VL53L0X_measurement_poll_for_completion
                0x0000000008004400       0xb8 Drivers/BSP/vl53l0x/vl53l0x_api_core.o
                0x0000000008004400                VL53L0X_measurement_poll_for_completion
 .text.VL53L0X_decode_vcsel_period
                0x00000000080044b8       0x24 Drivers/BSP/vl53l0x/vl53l0x_api_core.o
                0x00000000080044b8                VL53L0X_decode_vcsel_period
 .text.VL53L0X_encode_vcsel_period
                0x00000000080044dc       0x24 Drivers/BSP/vl53l0x/vl53l0x_api_core.o
                0x00000000080044dc                VL53L0X_encode_vcsel_period
 .text.VL53L0X_isqrt
                0x0000000008004500       0x66 Drivers/BSP/vl53l0x/vl53l0x_api_core.o
                0x0000000008004500                VL53L0X_isqrt
 *fill*         0x0000000008004566        0x2 
 .text.VL53L0X_device_read_strobe
                0x0000000008004568       0xdc Drivers/BSP/vl53l0x/vl53l0x_api_core.o
                0x0000000008004568                VL53L0X_device_read_strobe
 .text.VL53L0X_get_info_from_device
                0x0000000008004644      0x9fc Drivers/BSP/vl53l0x/vl53l0x_api_core.o
                0x0000000008004644                VL53L0X_get_info_from_device
 .text.VL53L0X_calc_macro_period_ps
                0x0000000008005040       0x90 Drivers/BSP/vl53l0x/vl53l0x_api_core.o
                0x0000000008005040                VL53L0X_calc_macro_period_ps
 .text.VL53L0X_encode_timeout
                0x00000000080050d0       0x56 Drivers/BSP/vl53l0x/vl53l0x_api_core.o
                0x00000000080050d0                VL53L0X_encode_timeout
 .text.VL53L0X_decode_timeout
                0x0000000008005126       0x2a Drivers/BSP/vl53l0x/vl53l0x_api_core.o
                0x0000000008005126                VL53L0X_decode_timeout
 .text.VL53L0X_calc_timeout_mclks
                0x0000000008005150       0x54 Drivers/BSP/vl53l0x/vl53l0x_api_core.o
                0x0000000008005150                VL53L0X_calc_timeout_mclks
 .text.VL53L0X_calc_timeout_us
                0x00000000080051a4       0x54 Drivers/BSP/vl53l0x/vl53l0x_api_core.o
                0x00000000080051a4                VL53L0X_calc_timeout_us
 .text.get_sequence_step_timeout
                0x00000000080051f8      0x1c2 Drivers/BSP/vl53l0x/vl53l0x_api_core.o
                0x00000000080051f8                get_sequence_step_timeout
 .text.set_sequence_step_timeout
                0x00000000080053ba      0x1e4 Drivers/BSP/vl53l0x/vl53l0x_api_core.o
                0x00000000080053ba                set_sequence_step_timeout
 .text.VL53L0X_set_vcsel_pulse_period
                0x000000000800559e      0x512 Drivers/BSP/vl53l0x/vl53l0x_api_core.o
                0x000000000800559e                VL53L0X_set_vcsel_pulse_period
 .text.VL53L0X_get_vcsel_pulse_period
                0x0000000008005ab0       0x6e Drivers/BSP/vl53l0x/vl53l0x_api_core.o
                0x0000000008005ab0                VL53L0X_get_vcsel_pulse_period
 *fill*         0x0000000008005b1e        0x2 
 .text.VL53L0X_set_measurement_timing_budget_micro_seconds
                0x0000000008005b20      0x264 Drivers/BSP/vl53l0x/vl53l0x_api_core.o
                0x0000000008005b20                VL53L0X_set_measurement_timing_budget_micro_seconds
 .text.VL53L0X_get_measurement_timing_budget_micro_seconds
                0x0000000008005d84      0x1e0 Drivers/BSP/vl53l0x/vl53l0x_api_core.o
                0x0000000008005d84                VL53L0X_get_measurement_timing_budget_micro_seconds
 .text.VL53L0X_load_tuning_settings
                0x0000000008005f64      0x21c Drivers/BSP/vl53l0x/vl53l0x_api_core.o
                0x0000000008005f64                VL53L0X_load_tuning_settings
 .text.VL53L0X_get_total_xtalk_rate
                0x0000000008006180       0x5e Drivers/BSP/vl53l0x/vl53l0x_api_core.o
                0x0000000008006180                VL53L0X_get_total_xtalk_rate
 *fill*         0x00000000080061de        0x2 
 .text.VL53L0X_get_total_signal_rate
                0x00000000080061e0       0x78 Drivers/BSP/vl53l0x/vl53l0x_api_core.o
                0x00000000080061e0                VL53L0X_get_total_signal_rate
 .text.VL53L0X_calc_dmax
                0x0000000008006258      0x2a0 Drivers/BSP/vl53l0x/vl53l0x_api_core.o
                0x0000000008006258                VL53L0X_calc_dmax
 .text.VL53L0X_calc_sigma_estimate
                0x00000000080064f8      0x52c Drivers/BSP/vl53l0x/vl53l0x_api_core.o
                0x00000000080064f8                VL53L0X_calc_sigma_estimate
 .text.VL53L0X_get_pal_range_status
                0x0000000008006a24      0x418 Drivers/BSP/vl53l0x/vl53l0x_api_core.o
                0x0000000008006a24                VL53L0X_get_pal_range_status
 .text.VL53L0X_trace_config
                0x0000000008006e3c       0x3c Drivers/BSP/vl53l0x/vl53l0x_platform_log.o
                0x0000000008006e3c                VL53L0X_trace_config
 .text.trace_print_module_function
                0x0000000008006e78       0x58 Drivers/BSP/vl53l0x/vl53l0x_platform_log.o
                0x0000000008006e78                trace_print_module_function
 .text.SystemInit
                0x0000000008006ed0       0x58 Drivers/CMSIS/system_stm32l4xx.o
                0x0000000008006ed0                SystemInit
 .text.HAL_Init
                0x0000000008006f28       0x2c Drivers/STM32L4xx_HAL_Driver/stm32l4xx_hal.o
                0x0000000008006f28                HAL_Init
 .text.HAL_InitTick
                0x0000000008006f54       0x38 Drivers/STM32L4xx_HAL_Driver/stm32l4xx_hal.o
                0x0000000008006f54                HAL_InitTick
 .text.HAL_IncTick
                0x0000000008006f8c       0x1c Drivers/STM32L4xx_HAL_Driver/stm32l4xx_hal.o
                0x0000000008006f8c                HAL_IncTick
 .text.HAL_GetTick
                0x0000000008006fa8       0x14 Drivers/STM32L4xx_HAL_Driver/stm32l4xx_hal.o
                0x0000000008006fa8                HAL_GetTick
 .text.HAL_Delay
                0x0000000008006fbc       0x2c Drivers/STM32L4xx_HAL_Driver/stm32l4xx_hal.o
                0x0000000008006fbc                HAL_Delay
 .text.NVIC_SetPriorityGrouping
                0x0000000008006fe8       0x48 Drivers/STM32L4xx_HAL_Driver/stm32l4xx_hal_cortex.o
 .text.NVIC_GetPriorityGrouping
                0x0000000008007030       0x1c Drivers/STM32L4xx_HAL_Driver/stm32l4xx_hal_cortex.o
 .text.NVIC_EnableIRQ
                0x000000000800704c       0x30 Drivers/STM32L4xx_HAL_Driver/stm32l4xx_hal_cortex.o
 .text.NVIC_SetPriority
                0x000000000800707c       0x54 Drivers/STM32L4xx_HAL_Driver/stm32l4xx_hal_cortex.o
 .text.NVIC_EncodePriority
                0x00000000080070d0       0x64 Drivers/STM32L4xx_HAL_Driver/stm32l4xx_hal_cortex.o
 .text.SysTick_Config
                0x0000000008007134       0x44 Drivers/STM32L4xx_HAL_Driver/stm32l4xx_hal_cortex.o
 .text.HAL_NVIC_SetPriorityGrouping
                0x0000000008007178       0x16 Drivers/STM32L4xx_HAL_Driver/stm32l4xx_hal_cortex.o
                0x0000000008007178                HAL_NVIC_SetPriorityGrouping
 .text.HAL_NVIC_SetPriority
                0x000000000800718e       0x38 Drivers/STM32L4xx_HAL_Driver/stm32l4xx_hal_cortex.o
                0x000000000800718e                HAL_NVIC_SetPriority
 .text.HAL_NVIC_EnableIRQ
                0x00000000080071c6       0x1c Drivers/STM32L4xx_HAL_Driver/stm32l4xx_hal_cortex.o
                0x00000000080071c6                HAL_NVIC_EnableIRQ
 .text.HAL_SYSTICK_Config
                0x00000000080071e2       0x18 Drivers/STM32L4xx_HAL_Driver/stm32l4xx_hal_cortex.o
                0x00000000080071e2                HAL_SYSTICK_Config
 *fill*         0x00000000080071fa        0x2 
 .text.HAL_SYSTICK_CLKSourceConfig
                0x00000000080071fc       0x38 Drivers/STM32L4xx_HAL_Driver/stm32l4xx_hal_cortex.o
                0x00000000080071fc                HAL_SYSTICK_CLKSourceConfig
 .text.HAL_SYSTICK_IRQHandler
                0x0000000008007234        0xc Drivers/STM32L4xx_HAL_Driver/stm32l4xx_hal_cortex.o
                0x0000000008007234                HAL_SYSTICK_IRQHandler
 .text.HAL_SYSTICK_Callback
                0x0000000008007240        0xc Drivers/STM32L4xx_HAL_Driver/stm32l4xx_hal_cortex.o
                0x0000000008007240                HAL_SYSTICK_Callback
 .text.HAL_DMA_Init
                0x000000000800724c      0x17c Drivers/STM32L4xx_HAL_Driver/stm32l4xx_hal_dma.o
                0x000000000800724c                HAL_DMA_Init
 .text.HAL_DMA_Start_IT
                0x00000000080073c8       0xc0 Drivers/STM32L4xx_HAL_Driver/stm32l4xx_hal_dma.o
                0x00000000080073c8                HAL_DMA_Start_IT
 .text.HAL_DMA_Abort_IT
                0x0000000008007488       0x84 Drivers/STM32L4xx_HAL_Driver/stm32l4xx_hal_dma.o
                0x0000000008007488                HAL_DMA_Abort_IT
 .text.HAL_DMA_IRQHandler
                0x000000000800750c      0x158 Drivers/STM32L4xx_HAL_Driver/stm32l4xx_hal_dma.o
                0x000000000800750c                HAL_DMA_IRQHandler
 .text.DMA_SetConfig
                0x0000000008007664       0x60 Drivers/STM32L4xx_HAL_Driver/stm32l4xx_hal_dma.o
 .text.HAL_GPIO_Init
                0x00000000080076c4      0x358 Drivers/STM32L4xx_HAL_Driver/stm32l4xx_hal_gpio.o
                0x00000000080076c4                HAL_GPIO_Init
 .text.HAL_GPIO_ReadPin
                0x0000000008007a1c       0x2e Drivers/STM32L4xx_HAL_Driver/stm32l4xx_hal_gpio.o
                0x0000000008007a1c                HAL_GPIO_ReadPin
 .text.HAL_GPIO_WritePin
                0x0000000008007a4a       0x2e Drivers/STM32L4xx_HAL_Driver/stm32l4xx_hal_gpio.o
                0x0000000008007a4a                HAL_GPIO_WritePin
 .text.HAL_GPIO_EXTI_IRQHandler
                0x0000000008007a78       0x30 Drivers/STM32L4xx_HAL_Driver/stm32l4xx_hal_gpio.o
                0x0000000008007a78                HAL_GPIO_EXTI_IRQHandler
 .text.HAL_I2C_Init
                0x0000000008007aa8      0x116 Drivers/STM32L4xx_HAL_Driver/stm32l4xx_hal_i2c.o
                0x0000000008007aa8                HAL_I2C_Init
 .text.HAL_I2C_MspInit
                0x0000000008007bbe       0x12 Drivers/STM32L4xx_HAL_Driver/stm32l4xx_hal_i2c.o
                0x0000000008007bbe                HAL_I2C_MspInit
 .text.HAL_I2C_Master_Transmit
                0x0000000008007bd0      0x200 Drivers/STM32L4xx_HAL_Driver/stm32l4xx_hal_i2c.o
                0x0000000008007bd0                HAL_I2C_Master_Transmit
 .text.HAL_I2C_Master_Receive
                0x0000000008007dd0      0x204 Drivers/STM32L4xx_HAL_Driver/stm32l4xx_hal_i2c.o
                0x0000000008007dd0                HAL_I2C_Master_Receive
 .text.I2C_Flush_TXDR
                0x0000000008007fd4       0x46 Drivers/STM32L4xx_HAL_Driver/stm32l4xx_hal_i2c.o
 .text.I2C_WaitOnFlagUntilTimeout
                0x000000000800801a       0x74 Drivers/STM32L4xx_HAL_Driver/stm32l4xx_hal_i2c.o
 .text.I2C_WaitOnTXISFlagUntilTimeout
                0x000000000800808e       0x80 Drivers/STM32L4xx_HAL_Driver/stm32l4xx_hal_i2c.o
 .text.I2C_WaitOnSTOPFlagUntilTimeout
                0x000000000800810e       0x78 Drivers/STM32L4xx_HAL_Driver/stm32l4xx_hal_i2c.o
 *fill*         0x0000000008008186        0x2 
 .text.I2C_WaitOnRXNEFlagUntilTimeout
                0x0000000008008188       0xbc Drivers/STM32L4xx_HAL_Driver/stm32l4xx_hal_i2c.o
 .text.I2C_IsAcknowledgeFailed
                0x0000000008008244       0xbc Drivers/STM32L4xx_HAL_Driver/stm32l4xx_hal_i2c.o
 .text.I2C_TransferConfig
                0x0000000008008300       0x5c Drivers/STM32L4xx_HAL_Driver/stm32l4xx_hal_i2c.o
 .text.HAL_PWREx_GetVoltageRange
                0x000000000800835c       0x18 Drivers/STM32L4xx_HAL_Driver/stm32l4xx_hal_pwr_ex.o
                0x000000000800835c                HAL_PWREx_GetVoltageRange
 .text.HAL_PWREx_ControlVoltageScaling
                0x0000000008008374       0xac Drivers/STM32L4xx_HAL_Driver/stm32l4xx_hal_pwr_ex.o
                0x0000000008008374                HAL_PWREx_ControlVoltageScaling
 .text.HAL_RCC_OscConfig
                0x0000000008008420      0x714 Drivers/STM32L4xx_HAL_Driver/stm32l4xx_hal_rcc.o
                0x0000000008008420                HAL_RCC_OscConfig
 .text.HAL_RCC_ClockConfig
                0x0000000008008b34      0x244 Drivers/STM32L4xx_HAL_Driver/stm32l4xx_hal_rcc.o
                0x0000000008008b34                HAL_RCC_ClockConfig
 .text.HAL_RCC_GetSysClockFreq
                0x0000000008008d78      0x1f4 Drivers/STM32L4xx_HAL_Driver/stm32l4xx_hal_rcc.o
                0x0000000008008d78                HAL_RCC_GetSysClockFreq
 .text.HAL_RCC_GetHCLKFreq
                0x0000000008008f6c       0x14 Drivers/STM32L4xx_HAL_Driver/stm32l4xx_hal_rcc.o
                0x0000000008008f6c                HAL_RCC_GetHCLKFreq
 .text.HAL_RCC_GetPCLK1Freq
                0x0000000008008f80       0x44 Drivers/STM32L4xx_HAL_Driver/stm32l4xx_hal_rcc.o
                0x0000000008008f80                HAL_RCC_GetPCLK1Freq
 .text.HAL_RCC_GetPCLK2Freq
                0x0000000008008fc4       0x44 Drivers/STM32L4xx_HAL_Driver/stm32l4xx_hal_rcc.o
                0x0000000008008fc4                HAL_RCC_GetPCLK2Freq
 .text.RCC_SetFlashLatencyFromMSIRange
                0x0000000008009008       0xc4 Drivers/STM32L4xx_HAL_Driver/stm32l4xx_hal_rcc.o
 .text.HAL_RCCEx_PeriphCLKConfig
                0x00000000080090cc      0x5c8 Drivers/STM32L4xx_HAL_Driver/stm32l4xx_hal_rcc_ex.o
                0x00000000080090cc                HAL_RCCEx_PeriphCLKConfig
 .text.RCCEx_PLLSAI1_Config
                0x0000000008009694      0x2a8 Drivers/STM32L4xx_HAL_Driver/stm32l4xx_hal_rcc_ex.o
 .text.RCCEx_PLLSAI2_Config
                0x000000000800993c      0x250 Drivers/STM32L4xx_HAL_Driver/stm32l4xx_hal_rcc_ex.o
 .text.HAL_TIM_Base_Start
                0x0000000008009b8c       0x34 Drivers/STM32L4xx_HAL_Driver/stm32l4xx_hal_tim.o
                0x0000000008009b8c                HAL_TIM_Base_Start
 .text.HAL_TIM_OC_Init
                0x0000000008009bc0       0x56 Drivers/STM32L4xx_HAL_Driver/stm32l4xx_hal_tim.o
                0x0000000008009bc0                HAL_TIM_OC_Init
 *fill*         0x0000000008009c16        0x2 
 .text.HAL_TIM_OC_ConfigChannel
                0x0000000008009c18       0xfc Drivers/STM32L4xx_HAL_Driver/stm32l4xx_hal_tim.o
                0x0000000008009c18                HAL_TIM_OC_ConfigChannel
 .text.TIM_Base_SetConfig
                0x0000000008009d14      0x128 Drivers/STM32L4xx_HAL_Driver/stm32l4xx_hal_tim.o
                0x0000000008009d14                TIM_Base_SetConfig
 .text.TIM_OC1_SetConfig
                0x0000000008009e3c      0x12c Drivers/STM32L4xx_HAL_Driver/stm32l4xx_hal_tim.o
 .text.TIM_OC2_SetConfig
                0x0000000008009f68      0x11c Drivers/STM32L4xx_HAL_Driver/stm32l4xx_hal_tim.o
                0x0000000008009f68                TIM_OC2_SetConfig
 .text.TIM_OC3_SetConfig
                0x000000000800a084      0x11c Drivers/STM32L4xx_HAL_Driver/stm32l4xx_hal_tim.o
 .text.TIM_OC4_SetConfig
                0x000000000800a1a0       0xdc Drivers/STM32L4xx_HAL_Driver/stm32l4xx_hal_tim.o
 .text.TIM_OC5_SetConfig
                0x000000000800a27c       0xd4 Drivers/STM32L4xx_HAL_Driver/stm32l4xx_hal_tim.o
 .text.TIM_OC6_SetConfig
                0x000000000800a350       0xd4 Drivers/STM32L4xx_HAL_Driver/stm32l4xx_hal_tim.o
 .text.HAL_TIMEx_MasterConfigSynchronization
                0x000000000800a424       0xa8 Drivers/STM32L4xx_HAL_Driver/stm32l4xx_hal_tim_ex.o
                0x000000000800a424                HAL_TIMEx_MasterConfigSynchronization
 .text.HAL_UART_Init
                0x000000000800a4cc       0xa2 Drivers/STM32L4xx_HAL_Driver/stm32l4xx_hal_uart.o
                0x000000000800a4cc                HAL_UART_Init
 *fill*         0x000000000800a56e        0x2 
 .text.HAL_UART_Transmit_DMA
                0x000000000800a570       0xdc Drivers/STM32L4xx_HAL_Driver/stm32l4xx_hal_uart.o
                0x000000000800a570                HAL_UART_Transmit_DMA
 .text.HAL_UART_IRQHandler
                0x000000000800a64c      0x244 Drivers/STM32L4xx_HAL_Driver/stm32l4xx_hal_uart.o
                0x000000000800a64c                HAL_UART_IRQHandler
 .text.HAL_UART_TxHalfCpltCallback
                0x000000000800a890       0x12 Drivers/STM32L4xx_HAL_Driver/stm32l4xx_hal_uart.o
                0x000000000800a890                HAL_UART_TxHalfCpltCallback
 .text.HAL_UART_RxCpltCallback
                0x000000000800a8a2       0x12 Drivers/STM32L4xx_HAL_Driver/stm32l4xx_hal_uart.o
                0x000000000800a8a2                HAL_UART_RxCpltCallback
 .text.HAL_UART_ErrorCallback
                0x000000000800a8b4       0x12 Drivers/STM32L4xx_HAL_Driver/stm32l4xx_hal_uart.o
                0x000000000800a8b4                HAL_UART_ErrorCallback
 *fill*         0x000000000800a8c6        0x2 
 .text.UART_SetConfig
                0x000000000800a8c8      0x664 Drivers/STM32L4xx_HAL_Driver/stm32l4xx_hal_uart.o
                0x000000000800a8c8                UART_SetConfig
 .text.UART_AdvFeatureConfig
                0x000000000800af2c      0x142 Drivers/STM32L4xx_HAL_Driver/stm32l4xx_hal_uart.o
                0x000000000800af2c                UART_AdvFeatureConfig
 .text.UART_CheckIdleState
                0x000000000800b06e       0x92 Drivers/STM32L4xx_HAL_Driver/stm32l4xx_hal_uart.o
                0x000000000800b06e                UART_CheckIdleState
 .text.UART_WaitOnFlagUntilTimeout
                0x000000000800b100       0x94 Drivers/STM32L4xx_HAL_Driver/stm32l4xx_hal_uart.o
                0x000000000800b100                UART_WaitOnFlagUntilTimeout
 .text.UART_EndTxTransfer
                0x000000000800b194       0x2a Drivers/STM32L4xx_HAL_Driver/stm32l4xx_hal_uart.o
 .text.UART_EndRxTransfer
                0x000000000800b1be       0x3a Drivers/STM32L4xx_HAL_Driver/stm32l4xx_hal_uart.o
 .text.UART_DMATransmitCplt
                0x000000000800b1f8       0x54 Drivers/STM32L4xx_HAL_Driver/stm32l4xx_hal_uart.o
 .text.UART_DMATxHalfCplt
                0x000000000800b24c       0x1c Drivers/STM32L4xx_HAL_Driver/stm32l4xx_hal_uart.o
 .text.UART_DMAError
                0x000000000800b268       0x78 Drivers/STM32L4xx_HAL_Driver/stm32l4xx_hal_uart.o
 .text.UART_DMAAbortOnError
                0x000000000800b2e0       0x2c Drivers/STM32L4xx_HAL_Driver/stm32l4xx_hal_uart.o
 .text.UART_Transmit_IT
                0x000000000800b30c       0xaa Drivers/STM32L4xx_HAL_Driver/stm32l4xx_hal_uart.o
 .text.UART_EndTransmit_IT
                0x000000000800b3b6       0x30 Drivers/STM32L4xx_HAL_Driver/stm32l4xx_hal_uart.o
 .text.UART_Receive_IT
                0x000000000800b3e6       0xda Drivers/STM32L4xx_HAL_Driver/stm32l4xx_hal_uart.o
 .text.HAL_UARTEx_WakeupCallback
                0x000000000800b4c0       0x12 Drivers/STM32L4xx_HAL_Driver/stm32l4xx_hal_uart_ex.o
                0x000000000800b4c0                HAL_UARTEx_WakeupCallback
 *fill*         0x000000000800b4d2        0x2 
 .text.MX_TIM5_Init
                0x000000000800b4d4       0x6c src/main.o
                0x000000000800b4d4                MX_TIM5_Init
 .text.TimeStamp_Init
                0x000000000800b540        0xc src/main.o
                0x000000000800b540                TimeStamp_Init
 .text.TimeStamp_Reset
                0x000000000800b54c       0x1c src/main.o
                0x000000000800b54c                TimeStamp_Reset
 .text.TimeStamp_Get
                0x000000000800b568       0x18 src/main.o
                0x000000000800b568                TimeStamp_Get
 .text.BSP_GetPushButton
                0x000000000800b580       0x24 src/main.o
                0x000000000800b580                BSP_GetPushButton
 .text.PusbButton_WaitUnPress
                0x000000000800b5a4       0x50 src/main.o
                0x000000000800b5a4                PusbButton_WaitUnPress
 .text.HandleError
                0x000000000800b5f4       0x28 src/main.o
                0x000000000800b5f4                HandleError
 .text.DetectSensors
                0x000000000800b61c      0x22c src/main.o
                0x000000000800b61c                DetectSensors
 .text.SetupSingleShot
                0x000000000800b848      0x2f8 src/main.o
                0x000000000800b848                SetupSingleShot
 .text.RangeToLetter
                0x000000000800bb40       0x58 src/main.o
                0x000000000800bb40                RangeToLetter
 .text.Sensor_SetNewRange
                0x000000000800bb98       0x74 src/main.o
                0x000000000800bb98                Sensor_SetNewRange
 .text.RangeDemo
                0x000000000800bc0c      0x330 src/main.o
                0x000000000800bc0c                RangeDemo
 .text.ArmazDistMedia
                0x000000000800bf3c      0x100 src/main.o
                0x000000000800bf3c                ArmazDistMedia
 .text.ResetAndDetectSensor
                0x000000000800c03c       0x3c src/main.o
                0x000000000800c03c                ResetAndDetectSensor
 .text.main     0x000000000800c078       0xe8 src/main.o
                0x000000000800c078                main
 .text.SystemClock_Config
                0x000000000800c160       0xf4 src/main.o
                0x000000000800c160                SystemClock_Config
 .text.MX_GPIO_Init
                0x000000000800c254       0xb4 src/main.o
 .text.HAL_MspInit
                0x000000000800c308       0x1a src/stm32l4xx_hal_msp.o
                0x000000000800c308                HAL_MspInit
 *fill*         0x000000000800c322        0x2 
 .text.HAL_TIM_OC_MspInit
                0x000000000800c324       0x60 src/stm32l4xx_hal_msp.o
                0x000000000800c324                HAL_TIM_OC_MspInit
 .text.NMI_Handler
                0x000000000800c384        0xc src/stm32l4xx_it.o
                0x000000000800c384                NMI_Handler
 .text.HardFault_Handler
                0x000000000800c390        0x6 src/stm32l4xx_it.o
                0x000000000800c390                HardFault_Handler
 .text.MemManage_Handler
                0x000000000800c396        0x6 src/stm32l4xx_it.o
                0x000000000800c396                MemManage_Handler
 .text.BusFault_Handler
                0x000000000800c39c        0x6 src/stm32l4xx_it.o
                0x000000000800c39c                BusFault_Handler
 .text.UsageFault_Handler
                0x000000000800c3a2        0x6 src/stm32l4xx_it.o
                0x000000000800c3a2                UsageFault_Handler
 .text.SVC_Handler
                0x000000000800c3a8        0xc src/stm32l4xx_it.o
                0x000000000800c3a8                SVC_Handler
 .text.DebugMon_Handler
                0x000000000800c3b4        0xc src/stm32l4xx_it.o
                0x000000000800c3b4                DebugMon_Handler
 .text.PendSV_Handler
                0x000000000800c3c0        0xc src/stm32l4xx_it.o
                0x000000000800c3c0                PendSV_Handler
 .text.SysTick_Handler
                0x000000000800c3cc       0x10 src/stm32l4xx_it.o
                0x000000000800c3cc                SysTick_Handler
 .text.Reset_Handler
                0x000000000800c3dc       0x50 startup/startup_stm32l476xx.o
                0x000000000800c3dc                Reset_Handler
 .text.Default_Handler
                0x000000000800c42c        0x2 startup/startup_stm32l476xx.o
                0x000000000800c42c                RTC_Alarm_IRQHandler
                0x000000000800c42c                EXTI2_IRQHandler
                0x000000000800c42c                TIM8_TRG_COM_IRQHandler
                0x000000000800c42c                TIM8_CC_IRQHandler
                0x000000000800c42c                TIM1_CC_IRQHandler
                0x000000000800c42c                TSC_IRQHandler
                0x000000000800c42c                TAMP_STAMP_IRQHandler
                0x000000000800c42c                EXTI3_IRQHandler
                0x000000000800c42c                LPTIM2_IRQHandler
                0x000000000800c42c                DFSDM1_FLT1_IRQHandler
                0x000000000800c42c                I2C3_ER_IRQHandler
                0x000000000800c42c                DFSDM1_FLT2_IRQHandler
                0x000000000800c42c                EXTI0_IRQHandler
                0x000000000800c42c                I2C2_EV_IRQHandler
                0x000000000800c42c                CAN1_RX0_IRQHandler
                0x000000000800c42c                FPU_IRQHandler
                0x000000000800c42c                TIM1_UP_TIM16_IRQHandler
                0x000000000800c42c                ADC1_2_IRQHandler
                0x000000000800c42c                SPI1_IRQHandler
                0x000000000800c42c                TIM6_DAC_IRQHandler
                0x000000000800c42c                TIM8_UP_IRQHandler
                0x000000000800c42c                DMA2_Channel2_IRQHandler
                0x000000000800c42c                DMA1_Channel4_IRQHandler
                0x000000000800c42c                SAI2_IRQHandler
                0x000000000800c42c                DFSDM1_FLT3_IRQHandler
                0x000000000800c42c                USART3_IRQHandler
                0x000000000800c42c                CAN1_RX1_IRQHandler
                0x000000000800c42c                LCD_IRQHandler
                0x000000000800c42c                UART5_IRQHandler
                0x000000000800c42c                ADC3_IRQHandler
                0x000000000800c42c                TIM4_IRQHandler
                0x000000000800c42c                DMA2_Channel1_IRQHandler
                0x000000000800c42c                QUADSPI_IRQHandler
                0x000000000800c42c                I2C1_EV_IRQHandler
                0x000000000800c42c                DMA1_Channel6_IRQHandler
                0x000000000800c42c                UART4_IRQHandler
                0x000000000800c42c                DMA2_Channel4_IRQHandler
                0x000000000800c42c                TIM3_IRQHandler
                0x000000000800c42c                RCC_IRQHandler
                0x000000000800c42c                DMA1_Channel1_IRQHandler
                0x000000000800c42c                Default_Handler
                0x000000000800c42c                DMA2_Channel7_IRQHandler
                0x000000000800c42c                TIM7_IRQHandler
                0x000000000800c42c                SDMMC1_IRQHandler
                0x000000000800c42c                TIM5_IRQHandler
                0x000000000800c42c                I2C3_EV_IRQHandler
                0x000000000800c42c                RTC_WKUP_IRQHandler
                0x000000000800c42c                PVD_PVM_IRQHandler
                0x000000000800c42c                SPI2_IRQHandler
                0x000000000800c42c                CAN1_TX_IRQHandler
                0x000000000800c42c                DMA2_Channel5_IRQHandler
                0x000000000800c42c                DMA1_Channel5_IRQHandler
                0x000000000800c42c                RNG_IRQHandler
                0x000000000800c42c                TIM1_TRG_COM_TIM17_IRQHandler
                0x000000000800c42c                DMA1_Channel3_IRQHandler
                0x000000000800c42c                COMP_IRQHandler
                0x000000000800c42c                WWDG_IRQHandler
                0x000000000800c42c                LPUART1_IRQHandler
                0x000000000800c42c                DMA2_Channel6_IRQHandler
                0x000000000800c42c                TIM2_IRQHandler
                0x000000000800c42c                EXTI1_IRQHandler
                0x000000000800c42c                DFSDM1_FLT0_IRQHandler
                0x000000000800c42c                I2C2_ER_IRQHandler
                0x000000000800c42c                DMA1_Channel2_IRQHandler
                0x000000000800c42c                TIM8_BRK_IRQHandler
                0x000000000800c42c                CAN1_SCE_IRQHandler
                0x000000000800c42c                FLASH_IRQHandler
                0x000000000800c42c                USART1_IRQHandler
                0x000000000800c42c                OTG_FS_IRQHandler
                0x000000000800c42c                SPI3_IRQHandler
                0x000000000800c42c                I2C1_ER_IRQHandler
                0x000000000800c42c                FMC_IRQHandler
                0x000000000800c42c                SWPMI1_IRQHandler
                0x000000000800c42c                LPTIM1_IRQHandler
                0x000000000800c42c                SAI1_IRQHandler
                0x000000000800c42c                DMA2_Channel3_IRQHandler
                0x000000000800c42c                TIM1_BRK_TIM15_IRQHandler
 *fill*         0x000000000800c42e        0x2 
 .text.__libc_init_array
                0x000000000800c430       0x48 f:/stm32cubeide_1.3.0/stm32cubeide/plugins/com.st.stm32cube.ide.mcu.externaltools.gnu-tools-for-stm32.7-2018-q2-update.win32_1.0.0.201904181610/tools/bin/../lib/gcc/arm-none-eabi/7.3.1/../../../../arm-none-eabi/lib/thumb/v7e-m\libc_nano.a(lib_a-init.o)
                0x000000000800c430                __libc_init_array
 .text.malloc   0x000000000800c478       0x10 f:/stm32cubeide_1.3.0/stm32cubeide/plugins/com.st.stm32cube.ide.mcu.externaltools.gnu-tools-for-stm32.7-2018-q2-update.win32_1.0.0.201904181610/tools/bin/../lib/gcc/arm-none-eabi/7.3.1/../../../../arm-none-eabi/lib/thumb/v7e-m\libc_nano.a(lib_a-malloc.o)
                0x000000000800c478                malloc
 .text.free     0x000000000800c488       0x10 f:/stm32cubeide_1.3.0/stm32cubeide/plugins/com.st.stm32cube.ide.mcu.externaltools.gnu-tools-for-stm32.7-2018-q2-update.win32_1.0.0.201904181610/tools/bin/../lib/gcc/arm-none-eabi/7.3.1/../../../../arm-none-eabi/lib/thumb/v7e-m\libc_nano.a(lib_a-malloc.o)
                0x000000000800c488                free
 .text.memcpy   0x000000000800c498       0x16 f:/stm32cubeide_1.3.0/stm32cubeide/plugins/com.st.stm32cube.ide.mcu.externaltools.gnu-tools-for-stm32.7-2018-q2-update.win32_1.0.0.201904181610/tools/bin/../lib/gcc/arm-none-eabi/7.3.1/../../../../arm-none-eabi/lib/thumb/v7e-m\libc_nano.a(lib_a-memcpy-stub.o)
                0x000000000800c498                memcpy
 .text.memset   0x000000000800c4ae       0x10 f:/stm32cubeide_1.3.0/stm32cubeide/plugins/com.st.stm32cube.ide.mcu.externaltools.gnu-tools-for-stm32.7-2018-q2-update.win32_1.0.0.201904181610/tools/bin/../lib/gcc/arm-none-eabi/7.3.1/../../../../arm-none-eabi/lib/thumb/v7e-m\libc_nano.a(lib_a-memset.o)
                0x000000000800c4ae                memset
 *fill*         0x000000000800c4be        0x2 
 .text._free_r  0x000000000800c4c0       0x9c f:/stm32cubeide_1.3.0/stm32cubeide/plugins/com.st.stm32cube.ide.mcu.externaltools.gnu-tools-for-stm32.7-2018-q2-update.win32_1.0.0.201904181610/tools/bin/../lib/gcc/arm-none-eabi/7.3.1/../../../../arm-none-eabi/lib/thumb/v7e-m\libc_nano.a(lib_a-nano-freer.o)
                0x000000000800c4c0                _free_r
 .text._malloc_r
                0x000000000800c55c       0xb4 f:/stm32cubeide_1.3.0/stm32cubeide/plugins/com.st.stm32cube.ide.mcu.externaltools.gnu-tools-for-stm32.7-2018-q2-update.win32_1.0.0.201904181610/tools/bin/../lib/gcc/arm-none-eabi/7.3.1/../../../../arm-none-eabi/lib/thumb/v7e-m\libc_nano.a(lib_a-nano-mallocr.o)
                0x000000000800c55c                _malloc_r
 .text._sbrk_r  0x000000000800c610       0x20 f:/stm32cubeide_1.3.0/stm32cubeide/plugins/com.st.stm32cube.ide.mcu.externaltools.gnu-tools-for-stm32.7-2018-q2-update.win32_1.0.0.201904181610/tools/bin/../lib/gcc/arm-none-eabi/7.3.1/../../../../arm-none-eabi/lib/thumb/v7e-m\libc_nano.a(lib_a-sbrkr.o)
                0x000000000800c610                _sbrk_r
 .text.sprintf  0x000000000800c630       0x40 f:/stm32cubeide_1.3.0/stm32cubeide/plugins/com.st.stm32cube.ide.mcu.externaltools.gnu-tools-for-stm32.7-2018-q2-update.win32_1.0.0.201904181610/tools/bin/../lib/gcc/arm-none-eabi/7.3.1/../../../../arm-none-eabi/lib/thumb/v7e-m\libc_nano.a(lib_a-sprintf.o)
                0x000000000800c630                siprintf
                0x000000000800c630                sprintf
 .text.strcpy   0x000000000800c670       0x10 f:/stm32cubeide_1.3.0/stm32cubeide/plugins/com.st.stm32cube.ide.mcu.externaltools.gnu-tools-for-stm32.7-2018-q2-update.win32_1.0.0.201904181610/tools/bin/../lib/gcc/arm-none-eabi/7.3.1/../../../../arm-none-eabi/lib/thumb/v7e-m\libc_nano.a(lib_a-strcpy.o)
                0x000000000800c670                strcpy
 .text._vsnprintf_r
                0x000000000800c680       0x58 f:/stm32cubeide_1.3.0/stm32cubeide/plugins/com.st.stm32cube.ide.mcu.externaltools.gnu-tools-for-stm32.7-2018-q2-update.win32_1.0.0.201904181610/tools/bin/../lib/gcc/arm-none-eabi/7.3.1/../../../../arm-none-eabi/lib/thumb/v7e-m\libc_nano.a(lib_a-vsnprintf.o)
                0x000000000800c680                _vsniprintf_r
                0x000000000800c680                _vsnprintf_r
 .text.vsnprintf
                0x000000000800c6d8       0x1c f:/stm32cubeide_1.3.0/stm32cubeide/plugins/com.st.stm32cube.ide.mcu.externaltools.gnu-tools-for-stm32.7-2018-q2-update.win32_1.0.0.201904181610/tools/bin/../lib/gcc/arm-none-eabi/7.3.1/../../../../arm-none-eabi/lib/thumb/v7e-m\libc_nano.a(lib_a-vsnprintf.o)
                0x000000000800c6d8                vsniprintf
                0x000000000800c6d8                vsnprintf
 .text.__malloc_lock
                0x000000000800c6f4        0x2 f:/stm32cubeide_1.3.0/stm32cubeide/plugins/com.st.stm32cube.ide.mcu.externaltools.gnu-tools-for-stm32.7-2018-q2-update.win32_1.0.0.201904181610/tools/bin/../lib/gcc/arm-none-eabi/7.3.1/../../../../arm-none-eabi/lib/thumb/v7e-m\libc_nano.a(lib_a-mlock.o)
                0x000000000800c6f4                __malloc_lock
 .text.__malloc_unlock
                0x000000000800c6f6        0x2 f:/stm32cubeide_1.3.0/stm32cubeide/plugins/com.st.stm32cube.ide.mcu.externaltools.gnu-tools-for-stm32.7-2018-q2-update.win32_1.0.0.201904181610/tools/bin/../lib/gcc/arm-none-eabi/7.3.1/../../../../arm-none-eabi/lib/thumb/v7e-m\libc_nano.a(lib_a-mlock.o)
                0x000000000800c6f6                __malloc_unlock
 .text.__ssputs_r
                0x000000000800c6f8       0xb4 f:/stm32cubeide_1.3.0/stm32cubeide/plugins/com.st.stm32cube.ide.mcu.externaltools.gnu-tools-for-stm32.7-2018-q2-update.win32_1.0.0.201904181610/tools/bin/../lib/gcc/arm-none-eabi/7.3.1/../../../../arm-none-eabi/lib/thumb/v7e-m\libc_nano.a(lib_a-nano-svfprintf.o)
                0x000000000800c6f8                __ssputs_r
 .text._svfprintf_r
                0x000000000800c7ac      0x1f0 f:/stm32cubeide_1.3.0/stm32cubeide/plugins/com.st.stm32cube.ide.mcu.externaltools.gnu-tools-for-stm32.7-2018-q2-update.win32_1.0.0.201904181610/tools/bin/../lib/gcc/arm-none-eabi/7.3.1/../../../../arm-none-eabi/lib/thumb/v7e-m\libc_nano.a(lib_a-nano-svfprintf.o)
                0x000000000800c7ac                _svfiprintf_r
                0x000000000800c7ac                _svfprintf_r
 .text._printf_common
                0x000000000800c99c       0xea f:/stm32cubeide_1.3.0/stm32cubeide/plugins/com.st.stm32cube.ide.mcu.externaltools.gnu-tools-for-stm32.7-2018-q2-update.win32_1.0.0.201904181610/tools/bin/../lib/gcc/arm-none-eabi/7.3.1/../../../../arm-none-eabi/lib/thumb/v7e-m\libc_nano.a(lib_a-nano-vfprintf_i.o)
                0x000000000800c99c                _printf_common
 *fill*         0x000000000800ca86        0x2 
 .text._printf_i
                0x000000000800ca88      0x224 f:/stm32cubeide_1.3.0/stm32cubeide/plugins/com.st.stm32cube.ide.mcu.externaltools.gnu-tools-for-stm32.7-2018-q2-update.win32_1.0.0.201904181610/tools/bin/../lib/gcc/arm-none-eabi/7.3.1/../../../../arm-none-eabi/lib/thumb/v7e-m\libc_nano.a(lib_a-nano-vfprintf_i.o)
                0x000000000800ca88                _printf_i
 .text.memmove  0x000000000800ccac       0x32 f:/stm32cubeide_1.3.0/stm32cubeide/plugins/com.st.stm32cube.ide.mcu.externaltools.gnu-tools-for-stm32.7-2018-q2-update.win32_1.0.0.201904181610/tools/bin/../lib/gcc/arm-none-eabi/7.3.1/../../../../arm-none-eabi/lib/thumb/v7e-m\libc_nano.a(lib_a-memmove.o)
                0x000000000800ccac                memmove
 .text._realloc_r
                0x000000000800ccde       0x4c f:/stm32cubeide_1.3.0/stm32cubeide/plugins/com.st.stm32cube.ide.mcu.externaltools.gnu-tools-for-stm32.7-2018-q2-update.win32_1.0.0.201904181610/tools/bin/../lib/gcc/arm-none-eabi/7.3.1/../../../../arm-none-eabi/lib/thumb/v7e-m\libc_nano.a(lib_a-nano-reallocr.o)
                0x000000000800ccde                _realloc_r
 .text._malloc_usable_size_r
                0x000000000800cd2a       0x10 f:/stm32cubeide_1.3.0/stm32cubeide/plugins/com.st.stm32cube.ide.mcu.externaltools.gnu-tools-for-stm32.7-2018-q2-update.win32_1.0.0.201904181610/tools/bin/../lib/gcc/arm-none-eabi/7.3.1/../../../../arm-none-eabi/lib/thumb/v7e-m\libc_nano.a(lib_a-nano-msizer.o)
                0x000000000800cd2a                _malloc_usable_size_r
 *fill*         0x000000000800cd3a        0x2 
 .text._sbrk    0x000000000800cd3c       0x1c f:/stm32cubeide_1.3.0/stm32cubeide/plugins/com.st.stm32cube.ide.mcu.externaltools.gnu-tools-for-stm32.7-2018-q2-update.win32_1.0.0.201904181610/tools/bin/../lib/gcc/arm-none-eabi/7.3.1/../../../../arm-none-eabi/lib/thumb/v7e-m\libnosys.a(sbrk.o)
                0x000000000800cd3c                _sbrk
 *(.glue_7)
 .glue_7        0x000000000800cd58        0x0 linker stubs
 *(.glue_7t)
 .glue_7t       0x000000000800cd58        0x0 linker stubs
 *(.eh_frame)
 .eh_frame      0x000000000800cd58        0x0 f:/stm32cubeide_1.3.0/stm32cubeide/plugins/com.st.stm32cube.ide.mcu.externaltools.gnu-tools-for-stm32.7-2018-q2-update.win32_1.0.0.201904181610/tools/bin/../lib/gcc/arm-none-eabi/7.3.1/thumb/v7e-m/crtbegin.o
 *(.init)
 .init          0x000000000800cd58        0x4 f:/stm32cubeide_1.3.0/stm32cubeide/plugins/com.st.stm32cube.ide.mcu.externaltools.gnu-tools-for-stm32.7-2018-q2-update.win32_1.0.0.201904181610/tools/bin/../lib/gcc/arm-none-eabi/7.3.1/thumb/v7e-m/crti.o
                0x000000000800cd58                _init
 .init          0x000000000800cd5c        0x8 f:/stm32cubeide_1.3.0/stm32cubeide/plugins/com.st.stm32cube.ide.mcu.externaltools.gnu-tools-for-stm32.7-2018-q2-update.win32_1.0.0.201904181610/tools/bin/../lib/gcc/arm-none-eabi/7.3.1/thumb/v7e-m/crtn.o
 *(.fini)
 .fini          0x000000000800cd64        0x4 f:/stm32cubeide_1.3.0/stm32cubeide/plugins/com.st.stm32cube.ide.mcu.externaltools.gnu-tools-for-stm32.7-2018-q2-update.win32_1.0.0.201904181610/tools/bin/../lib/gcc/arm-none-eabi/7.3.1/thumb/v7e-m/crti.o
                0x000000000800cd64                _fini
 .fini          0x000000000800cd68        0x8 f:/stm32cubeide_1.3.0/stm32cubeide/plugins/com.st.stm32cube.ide.mcu.externaltools.gnu-tools-for-stm32.7-2018-q2-update.win32_1.0.0.201904181610/tools/bin/../lib/gcc/arm-none-eabi/7.3.1/thumb/v7e-m/crtn.o
                0x000000000800cd70                . = ALIGN (0x8)
                0x000000000800cd70                _etext = .

.vfp11_veneer   0x000000000800cd70        0x0
 .vfp11_veneer  0x000000000800cd70        0x0 linker stubs

.v4_bx          0x000000000800cd70        0x0
 .v4_bx         0x000000000800cd70        0x0 linker stubs

.iplt           0x000000000800cd70        0x0
 .iplt          0x000000000800cd70        0x0 f:/stm32cubeide_1.3.0/stm32cubeide/plugins/com.st.stm32cube.ide.mcu.externaltools.gnu-tools-for-stm32.7-2018-q2-update.win32_1.0.0.201904181610/tools/bin/../lib/gcc/arm-none-eabi/7.3.1/thumb/v7e-m/crtbegin.o

.rodata         0x000000000800cd70     0x1540
                0x000000000800cd70                . = ALIGN (0x8)
 *(.rodata)
 .rodata        0x000000000800cd70      0x297 Drivers/BSP/X-NUCLEO-53L0A1/X-NUCLEO-53L0A1.o
 *fill*         0x000000000800d007        0x1 
 .rodata        0x000000000800d008      0xc49 Drivers/BSP/vl53l0x/vl53l0x_api.o
 *fill*         0x000000000800dc51        0x3 
 .rodata        0x000000000800dc54      0x1a1 Drivers/BSP/vl53l0x/vl53l0x_api_core.o
 *fill*         0x000000000800ddf5        0x3 
 .rodata        0x000000000800ddf8       0x48 Drivers/CMSIS/system_stm32l4xx.o
                0x000000000800ddf8                AHBPrescTable
                0x000000000800de08                APBPrescTable
                0x000000000800de10                MSIRangeTable
 .rodata        0x000000000800de40      0x439 src/main.o
                0x000000000800de40                TxtRangeValue
                0x000000000800de44                TxtBarGraph
 *(.rodata*)
 .rodata._svfprintf_r.str1.1
                0x000000000800e279       0x11 f:/stm32cubeide_1.3.0/stm32cubeide/plugins/com.st.stm32cube.ide.mcu.externaltools.gnu-tools-for-stm32.7-2018-q2-update.win32_1.0.0.201904181610/tools/bin/../lib/gcc/arm-none-eabi/7.3.1/../../../../arm-none-eabi/lib/thumb/v7e-m\libc_nano.a(lib_a-nano-svfprintf.o)
 .rodata._printf_i.str1.1
                0x000000000800e28a       0x22 f:/stm32cubeide_1.3.0/stm32cubeide/plugins/com.st.stm32cube.ide.mcu.externaltools.gnu-tools-for-stm32.7-2018-q2-update.win32_1.0.0.201904181610/tools/bin/../lib/gcc/arm-none-eabi/7.3.1/../../../../arm-none-eabi/lib/thumb/v7e-m\libc_nano.a(lib_a-nano-vfprintf_i.o)
                0x000000000800e2b0                . = ALIGN (0x8)
 *fill*         0x000000000800e2ac        0x4 

.ARM.extab      0x000000000800e2b0        0x0
                0x000000000800e2b0                . = ALIGN (0x8)
 *(.ARM.extab* .gnu.linkonce.armextab.*)
                0x000000000800e2b0                . = ALIGN (0x8)

.ARM            0x000000000800e2b0        0x8
                0x000000000800e2b0                . = ALIGN (0x8)
                0x000000000800e2b0                __exidx_start = .
 *(.ARM.exidx*)
 .ARM.exidx     0x000000000800e2b0        0x8 f:/stm32cubeide_1.3.0/stm32cubeide/plugins/com.st.stm32cube.ide.mcu.externaltools.gnu-tools-for-stm32.7-2018-q2-update.win32_1.0.0.201904181610/tools/bin/../lib/gcc/arm-none-eabi/7.3.1/thumb/v7e-m\libgcc.a(_udivmoddi4.o)
                0x000000000800e2b8                __exidx_end = .
                0x000000000800e2b8                . = ALIGN (0x8)

.rel.dyn        0x000000000800e2b8        0x0
 .rel.iplt      0x000000000800e2b8        0x0 f:/stm32cubeide_1.3.0/stm32cubeide/plugins/com.st.stm32cube.ide.mcu.externaltools.gnu-tools-for-stm32.7-2018-q2-update.win32_1.0.0.201904181610/tools/bin/../lib/gcc/arm-none-eabi/7.3.1/thumb/v7e-m/crtbegin.o

.preinit_array  0x000000000800e2b8        0x0
                0x000000000800e2b8                . = ALIGN (0x8)
                0x000000000800e2b8                PROVIDE (__preinit_array_start = .)
 *(.preinit_array*)
                0x000000000800e2b8                PROVIDE (__preinit_array_end = .)
                0x000000000800e2b8                . = ALIGN (0x8)

.init_array     0x000000000800e2b8        0x8
                0x000000000800e2b8                . = ALIGN (0x8)
                0x000000000800e2b8                PROVIDE (__init_array_start = .)
 *(SORT_BY_NAME(.init_array.*))
 *(.init_array*)
 .init_array    0x000000000800e2b8        0x4 f:/stm32cubeide_1.3.0/stm32cubeide/plugins/com.st.stm32cube.ide.mcu.externaltools.gnu-tools-for-stm32.7-2018-q2-update.win32_1.0.0.201904181610/tools/bin/../lib/gcc/arm-none-eabi/7.3.1/thumb/v7e-m/crtbegin.o
                0x000000000800e2bc                PROVIDE (__init_array_end = .)
                0x000000000800e2c0                . = ALIGN (0x8)
 *fill*         0x000000000800e2bc        0x4 

.fini_array     0x000000000800e2c0        0x8
                0x000000000800e2c0                . = ALIGN (0x8)
                [!provide]                        PROVIDE (__fini_array_start = .)
 *(SORT_BY_NAME(.fini_array.*))
 *(.fini_array*)
 .fini_array    0x000000000800e2c0        0x4 f:/stm32cubeide_1.3.0/stm32cubeide/plugins/com.st.stm32cube.ide.mcu.externaltools.gnu-tools-for-stm32.7-2018-q2-update.win32_1.0.0.201904181610/tools/bin/../lib/gcc/arm-none-eabi/7.3.1/thumb/v7e-m/crtbegin.o
                [!provide]                        PROVIDE (__fini_array_end = .)
                0x000000000800e2c8                . = ALIGN (0x8)
 *fill*         0x000000000800e2c4        0x4 
                0x000000000800e2c8                _sidata = LOADADDR (.data)

.data           0x0000000020000000      0x840 load address 0x000000000800e2c8
                0x0000000020000000                . = ALIGN (0x8)
                0x0000000020000000                _sdata = .
 *(.data)
 .data          0x0000000020000000       0x10 Drivers/BSP/X-NUCLEO-53L0A1/X-NUCLEO-53L0A1.o
 .data          0x0000000020000010      0x2aa Drivers/BSP/vl53l0x/vl53l0x_api.o
                0x0000000020000010                DefaultTuningSettings
                0x0000000020000104                InterruptThresholdSettings
 *fill*         0x00000000200002ba        0x2 
 .data          0x00000000200002bc       0x10 Drivers/BSP/vl53l0x/vl53l0x_api_calibration.o
                0x00000000200002bc                refArrayQuadrants
 .data          0x00000000200002cc        0x4 Drivers/BSP/vl53l0x/vl53l0x_platform_log.o
                0x00000000200002cc                _trace_level
 .data          0x00000000200002d0        0x4 Drivers/CMSIS/system_stm32l4xx.o
                0x00000000200002d0                SystemCoreClock
 .data          0x00000000200002d4      0x503 src/main.o
                0x00000000200002d4                RangingConfigTxt
                0x00000000200002e0                DemoModeTxt
                0x00000000200002e8                distPadrao
                0x00000000200002ec                LeakyFactorFix8
                0x00000000200002f0                VL53L0XDevs
                0x00000000200007a0                RangeLow
                0x00000000200007a4                RangeMedium
                0x00000000200007a8                WelcomeMsg
 *(.data*)
 *fill*         0x00000000200007d7        0x1 
 .data._impure_ptr
                0x00000000200007d8        0x4 f:/stm32cubeide_1.3.0/stm32cubeide/plugins/com.st.stm32cube.ide.mcu.externaltools.gnu-tools-for-stm32.7-2018-q2-update.win32_1.0.0.201904181610/tools/bin/../lib/gcc/arm-none-eabi/7.3.1/../../../../arm-none-eabi/lib/thumb/v7e-m\libc_nano.a(lib_a-impure.o)
                0x00000000200007d8                _impure_ptr
 .data.impure_data
                0x00000000200007dc       0x60 f:/stm32cubeide_1.3.0/stm32cubeide/plugins/com.st.stm32cube.ide.mcu.externaltools.gnu-tools-for-stm32.7-2018-q2-update.win32_1.0.0.201904181610/tools/bin/../lib/gcc/arm-none-eabi/7.3.1/../../../../arm-none-eabi/lib/thumb/v7e-m\libc_nano.a(lib_a-impure.o)
                0x0000000020000840                . = ALIGN (0x8)
 *fill*         0x000000002000083c        0x4 
                0x0000000020000840                _edata = .

.igot.plt       0x0000000020000840        0x0 load address 0x000000000800eb08
 .igot.plt      0x0000000020000840        0x0 f:/stm32cubeide_1.3.0/stm32cubeide/plugins/com.st.stm32cube.ide.mcu.externaltools.gnu-tools-for-stm32.7-2018-q2-update.win32_1.0.0.201904181610/tools/bin/../lib/gcc/arm-none-eabi/7.3.1/thumb/v7e-m/crtbegin.o
                0x0000000020000840                . = ALIGN (0x8)

.bss            0x0000000020000840      0x300 load address 0x000000000800eb08
                0x0000000020000840                _sbss = .
                0x0000000020000840                __bss_start__ = _sbss
 *(.bss)
 .bss           0x0000000020000840       0x1c f:/stm32cubeide_1.3.0/stm32cubeide/plugins/com.st.stm32cube.ide.mcu.externaltools.gnu-tools-for-stm32.7-2018-q2-update.win32_1.0.0.201904181610/tools/bin/../lib/gcc/arm-none-eabi/7.3.1/thumb/v7e-m/crtbegin.o
 .bss           0x000000002000085c        0x4 Drivers/BSP/X-NUCLEO-53L0A1/X-NUCLEO-53L0A1.o
 .bss           0x0000000020000860      0x108 Drivers/BSP/X-NUCLEO-53L0A1/uart_trace.o
 .bss           0x0000000020000968        0x8 Drivers/BSP/vl53l0x/vl53l0x_platform_log.o
                0x0000000020000968                _trace_modules
                0x000000002000096c                _trace_functions
 .bss           0x0000000020000970        0x4 src/main.o
                0x0000000020000970                nDevPresent
 *(.bss*)
 .bss.__malloc_free_list
                0x0000000020000974        0x4 f:/stm32cubeide_1.3.0/stm32cubeide/plugins/com.st.stm32cube.ide.mcu.externaltools.gnu-tools-for-stm32.7-2018-q2-update.win32_1.0.0.201904181610/tools/bin/../lib/gcc/arm-none-eabi/7.3.1/../../../../arm-none-eabi/lib/thumb/v7e-m\libc_nano.a(lib_a-nano-mallocr.o)
                0x0000000020000974                __malloc_free_list
 .bss.__malloc_sbrk_start
                0x0000000020000978        0x4 f:/stm32cubeide_1.3.0/stm32cubeide/plugins/com.st.stm32cube.ide.mcu.externaltools.gnu-tools-for-stm32.7-2018-q2-update.win32_1.0.0.201904181610/tools/bin/../lib/gcc/arm-none-eabi/7.3.1/../../../../arm-none-eabi/lib/thumb/v7e-m\libc_nano.a(lib_a-nano-mallocr.o)
                0x0000000020000978                __malloc_sbrk_start
 .bss.heap_end.4102
                0x000000002000097c        0x4 f:/stm32cubeide_1.3.0/stm32cubeide/plugins/com.st.stm32cube.ide.mcu.externaltools.gnu-tools-for-stm32.7-2018-q2-update.win32_1.0.0.201904181610/tools/bin/../lib/gcc/arm-none-eabi/7.3.1/../../../../arm-none-eabi/lib/thumb/v7e-m\libnosys.a(sbrk.o)
 *(COMMON)
 COMMON         0x0000000020000980       0x4c Drivers/BSP/X-NUCLEO-53L0A1/X-NUCLEO-53L0A1.o
                0x0000000020000980                XNUCLEO53L0A1_hi2c
 COMMON         0x00000000200009cc       0xb8 Drivers/BSP/X-NUCLEO-53L0A1/vl53l0a1-x4msp.o
                0x00000000200009cc                hdma_usart2_tx
                0x0000000020000a14                huart2
 COMMON         0x0000000020000a84       0x40 Drivers/BSP/X-NUCLEO-53L0A1/vl53l0x_platform.o
                0x0000000020000a84                _I2CBuffer
 COMMON         0x0000000020000ac4        0x4 Drivers/STM32L4xx_HAL_Driver/stm32l4xx_hal.o
                0x0000000020000ac4                uwTick
 COMMON         0x0000000020000ac8       0x70 src/main.o
                0x0000000020000ac8                n
                0x0000000020000acc                nDevMask
                0x0000000020000ad0                htim5
                0x0000000020000b0c                i
                0x0000000020000b10                v
                0x0000000020000b14                e
                0x0000000020000b18                m
                0x0000000020000b1c                RangingMeasurementData
 COMMON         0x0000000020000b38        0x4 f:/stm32cubeide_1.3.0/stm32cubeide/plugins/com.st.stm32cube.ide.mcu.externaltools.gnu-tools-for-stm32.7-2018-q2-update.win32_1.0.0.201904181610/tools/bin/../lib/gcc/arm-none-eabi/7.3.1/../../../../arm-none-eabi/lib/thumb/v7e-m\libc_nano.a(lib_a-reent.o)
                0x0000000020000b38                errno
                0x0000000020000b40                . = ALIGN (0x8)
 *fill*         0x0000000020000b3c        0x4 
                0x0000000020000b40                _ebss = .
                0x0000000020000b40                __bss_end__ = _ebss

._user_heap_stack
                0x0000000020000b40      0x600 load address 0x000000000800eb08
                0x0000000020000b40                . = ALIGN (0x8)
                0x0000000020000b40                PROVIDE (end = .)
                [!provide]                        PROVIDE (_end = .)
                0x0000000020000d40                . = (. + _Min_Heap_Size)
 *fill*         0x0000000020000b40      0x200 
                0x0000000020001140                . = (. + _Min_Stack_Size)
 *fill*         0x0000000020000d40      0x400 
                0x0000000020001140                . = ALIGN (0x8)

/DISCARD/
 libc.a(*)
 libm.a(*)
 libgcc.a(*)

.ARM.attributes
                0x0000000000000000       0x2a
 *(.ARM.attributes)
 .ARM.attributes
                0x0000000000000000       0x1e f:/stm32cubeide_1.3.0/stm32cubeide/plugins/com.st.stm32cube.ide.mcu.externaltools.gnu-tools-for-stm32.7-2018-q2-update.win32_1.0.0.201904181610/tools/bin/../lib/gcc/arm-none-eabi/7.3.1/thumb/v7e-m/crti.o
 .ARM.attributes
                0x000000000000001e       0x2e f:/stm32cubeide_1.3.0/stm32cubeide/plugins/com.st.stm32cube.ide.mcu.externaltools.gnu-tools-for-stm32.7-2018-q2-update.win32_1.0.0.201904181610/tools/bin/../lib/gcc/arm-none-eabi/7.3.1/thumb/v7e-m/crtbegin.o
 .ARM.attributes
                0x000000000000004c       0x33 Drivers/BSP/X-NUCLEO-53L0A1/X-NUCLEO-53L0A1.o
 .ARM.attributes
                0x000000000000007f       0x33 Drivers/BSP/X-NUCLEO-53L0A1/uart_trace.o
 .ARM.attributes
                0x00000000000000b2       0x33 Drivers/BSP/X-NUCLEO-53L0A1/vl53l0a1-x4msp.o
 .ARM.attributes
                0x00000000000000e5       0x33 Drivers/BSP/X-NUCLEO-53L0A1/vl53l0x_platform.o
 .ARM.attributes
                0x0000000000000118       0x33 Drivers/BSP/vl53l0x/vl53l0x_api.o
 .ARM.attributes
                0x000000000000014b       0x33 Drivers/BSP/vl53l0x/vl53l0x_api_calibration.o
 .ARM.attributes
                0x000000000000017e       0x33 Drivers/BSP/vl53l0x/vl53l0x_api_core.o
 .ARM.attributes
                0x00000000000001b1       0x33 Drivers/BSP/vl53l0x/vl53l0x_platform_log.o
 .ARM.attributes
                0x00000000000001e4       0x33 Drivers/CMSIS/system_stm32l4xx.o
 .ARM.attributes
                0x0000000000000217       0x33 Drivers/STM32L4xx_HAL_Driver/stm32l4xx_hal.o
 .ARM.attributes
                0x000000000000024a       0x33 Drivers/STM32L4xx_HAL_Driver/stm32l4xx_hal_cortex.o
 .ARM.attributes
                0x000000000000027d       0x33 Drivers/STM32L4xx_HAL_Driver/stm32l4xx_hal_dma.o
 .ARM.attributes
                0x00000000000002b0       0x33 Drivers/STM32L4xx_HAL_Driver/stm32l4xx_hal_gpio.o
 .ARM.attributes
                0x00000000000002e3       0x33 Drivers/STM32L4xx_HAL_Driver/stm32l4xx_hal_i2c.o
 .ARM.attributes
                0x0000000000000316       0x33 Drivers/STM32L4xx_HAL_Driver/stm32l4xx_hal_pwr_ex.o
 .ARM.attributes
                0x0000000000000349       0x33 Drivers/STM32L4xx_HAL_Driver/stm32l4xx_hal_rcc.o
 .ARM.attributes
                0x000000000000037c       0x33 Drivers/STM32L4xx_HAL_Driver/stm32l4xx_hal_rcc_ex.o
 .ARM.attributes
                0x00000000000003af       0x33 Drivers/STM32L4xx_HAL_Driver/stm32l4xx_hal_tim.o
 .ARM.attributes
                0x00000000000003e2       0x33 Drivers/STM32L4xx_HAL_Driver/stm32l4xx_hal_tim_ex.o
 .ARM.attributes
                0x0000000000000415       0x33 Drivers/STM32L4xx_HAL_Driver/stm32l4xx_hal_uart.o
 .ARM.attributes
                0x0000000000000448       0x33 Drivers/STM32L4xx_HAL_Driver/stm32l4xx_hal_uart_ex.o
 .ARM.attributes
                0x000000000000047b       0x33 src/main.o
 .ARM.attributes
                0x00000000000004ae       0x33 src/stm32l4xx_hal_msp.o
 .ARM.attributes
                0x00000000000004e1       0x33 src/stm32l4xx_it.o
 .ARM.attributes
                0x0000000000000514       0x21 startup/startup_stm32l476xx.o
 .ARM.attributes
                0x0000000000000535       0x2e f:/stm32cubeide_1.3.0/stm32cubeide/plugins/com.st.stm32cube.ide.mcu.externaltools.gnu-tools-for-stm32.7-2018-q2-update.win32_1.0.0.201904181610/tools/bin/../lib/gcc/arm-none-eabi/7.3.1/../../../../arm-none-eabi/lib/thumb/v7e-m\libc_nano.a(lib_a-impure.o)
 .ARM.attributes
                0x0000000000000563       0x2e f:/stm32cubeide_1.3.0/stm32cubeide/plugins/com.st.stm32cube.ide.mcu.externaltools.gnu-tools-for-stm32.7-2018-q2-update.win32_1.0.0.201904181610/tools/bin/../lib/gcc/arm-none-eabi/7.3.1/../../../../arm-none-eabi/lib/thumb/v7e-m\libc_nano.a(lib_a-init.o)
 .ARM.attributes
                0x0000000000000591       0x2e f:/stm32cubeide_1.3.0/stm32cubeide/plugins/com.st.stm32cube.ide.mcu.externaltools.gnu-tools-for-stm32.7-2018-q2-update.win32_1.0.0.201904181610/tools/bin/../lib/gcc/arm-none-eabi/7.3.1/../../../../arm-none-eabi/lib/thumb/v7e-m\libc_nano.a(lib_a-malloc.o)
 .ARM.attributes
                0x00000000000005bf       0x2e f:/stm32cubeide_1.3.0/stm32cubeide/plugins/com.st.stm32cube.ide.mcu.externaltools.gnu-tools-for-stm32.7-2018-q2-update.win32_1.0.0.201904181610/tools/bin/../lib/gcc/arm-none-eabi/7.3.1/../../../../arm-none-eabi/lib/thumb/v7e-m\libc_nano.a(lib_a-memcpy-stub.o)
 .ARM.attributes
                0x00000000000005ed       0x2e f:/stm32cubeide_1.3.0/stm32cubeide/plugins/com.st.stm32cube.ide.mcu.externaltools.gnu-tools-for-stm32.7-2018-q2-update.win32_1.0.0.201904181610/tools/bin/../lib/gcc/arm-none-eabi/7.3.1/../../../../arm-none-eabi/lib/thumb/v7e-m\libc_nano.a(lib_a-memset.o)
 .ARM.attributes
                0x000000000000061b       0x2e f:/stm32cubeide_1.3.0/stm32cubeide/plugins/com.st.stm32cube.ide.mcu.externaltools.gnu-tools-for-stm32.7-2018-q2-update.win32_1.0.0.201904181610/tools/bin/../lib/gcc/arm-none-eabi/7.3.1/../../../../arm-none-eabi/lib/thumb/v7e-m\libc_nano.a(lib_a-nano-freer.o)
 .ARM.attributes
                0x0000000000000649       0x2e f:/stm32cubeide_1.3.0/stm32cubeide/plugins/com.st.stm32cube.ide.mcu.externaltools.gnu-tools-for-stm32.7-2018-q2-update.win32_1.0.0.201904181610/tools/bin/../lib/gcc/arm-none-eabi/7.3.1/../../../../arm-none-eabi/lib/thumb/v7e-m\libc_nano.a(lib_a-nano-mallocr.o)
 .ARM.attributes
                0x0000000000000677       0x2e f:/stm32cubeide_1.3.0/stm32cubeide/plugins/com.st.stm32cube.ide.mcu.externaltools.gnu-tools-for-stm32.7-2018-q2-update.win32_1.0.0.201904181610/tools/bin/../lib/gcc/arm-none-eabi/7.3.1/../../../../arm-none-eabi/lib/thumb/v7e-m\libc_nano.a(lib_a-sbrkr.o)
 .ARM.attributes
                0x00000000000006a5       0x2e f:/stm32cubeide_1.3.0/stm32cubeide/plugins/com.st.stm32cube.ide.mcu.externaltools.gnu-tools-for-stm32.7-2018-q2-update.win32_1.0.0.201904181610/tools/bin/../lib/gcc/arm-none-eabi/7.3.1/../../../../arm-none-eabi/lib/thumb/v7e-m\libc_nano.a(lib_a-sprintf.o)
 .ARM.attributes
                0x00000000000006d3       0x2e f:/stm32cubeide_1.3.0/stm32cubeide/plugins/com.st.stm32cube.ide.mcu.externaltools.gnu-tools-for-stm32.7-2018-q2-update.win32_1.0.0.201904181610/tools/bin/../lib/gcc/arm-none-eabi/7.3.1/../../../../arm-none-eabi/lib/thumb/v7e-m\libc_nano.a(lib_a-strcpy.o)
 .ARM.attributes
                0x0000000000000701       0x2e f:/stm32cubeide_1.3.0/stm32cubeide/plugins/com.st.stm32cube.ide.mcu.externaltools.gnu-tools-for-stm32.7-2018-q2-update.win32_1.0.0.201904181610/tools/bin/../lib/gcc/arm-none-eabi/7.3.1/../../../../arm-none-eabi/lib/thumb/v7e-m\libc_nano.a(lib_a-vsnprintf.o)
 .ARM.attributes
                0x000000000000072f       0x2e f:/stm32cubeide_1.3.0/stm32cubeide/plugins/com.st.stm32cube.ide.mcu.externaltools.gnu-tools-for-stm32.7-2018-q2-update.win32_1.0.0.201904181610/tools/bin/../lib/gcc/arm-none-eabi/7.3.1/../../../../arm-none-eabi/lib/thumb/v7e-m\libc_nano.a(lib_a-mlock.o)
 .ARM.attributes
                0x000000000000075d       0x2e f:/stm32cubeide_1.3.0/stm32cubeide/plugins/com.st.stm32cube.ide.mcu.externaltools.gnu-tools-for-stm32.7-2018-q2-update.win32_1.0.0.201904181610/tools/bin/../lib/gcc/arm-none-eabi/7.3.1/../../../../arm-none-eabi/lib/thumb/v7e-m\libc_nano.a(lib_a-nano-svfprintf.o)
 .ARM.attributes
                0x000000000000078b       0x2e f:/stm32cubeide_1.3.0/stm32cubeide/plugins/com.st.stm32cube.ide.mcu.externaltools.gnu-tools-for-stm32.7-2018-q2-update.win32_1.0.0.201904181610/tools/bin/../lib/gcc/arm-none-eabi/7.3.1/../../../../arm-none-eabi/lib/thumb/v7e-m\libc_nano.a(lib_a-nano-vfprintf_i.o)
 .ARM.attributes
                0x00000000000007b9       0x2e f:/stm32cubeide_1.3.0/stm32cubeide/plugins/com.st.stm32cube.ide.mcu.externaltools.gnu-tools-for-stm32.7-2018-q2-update.win32_1.0.0.201904181610/tools/bin/../lib/gcc/arm-none-eabi/7.3.1/../../../../arm-none-eabi/lib/thumb/v7e-m\libc_nano.a(lib_a-reent.o)
 .ARM.attributes
                0x00000000000007e7       0x1c f:/stm32cubeide_1.3.0/stm32cubeide/plugins/com.st.stm32cube.ide.mcu.externaltools.gnu-tools-for-stm32.7-2018-q2-update.win32_1.0.0.201904181610/tools/bin/../lib/gcc/arm-none-eabi/7.3.1/../../../../arm-none-eabi/lib/thumb/v7e-m\libc_nano.a(lib_a-memchr.o)
 .ARM.attributes
                0x0000000000000803       0x2e f:/stm32cubeide_1.3.0/stm32cubeide/plugins/com.st.stm32cube.ide.mcu.externaltools.gnu-tools-for-stm32.7-2018-q2-update.win32_1.0.0.201904181610/tools/bin/../lib/gcc/arm-none-eabi/7.3.1/../../../../arm-none-eabi/lib/thumb/v7e-m\libc_nano.a(lib_a-memmove.o)
 .ARM.attributes
                0x0000000000000831       0x2e f:/stm32cubeide_1.3.0/stm32cubeide/plugins/com.st.stm32cube.ide.mcu.externaltools.gnu-tools-for-stm32.7-2018-q2-update.win32_1.0.0.201904181610/tools/bin/../lib/gcc/arm-none-eabi/7.3.1/../../../../arm-none-eabi/lib/thumb/v7e-m\libc_nano.a(lib_a-nano-reallocr.o)
 .ARM.attributes
                0x000000000000085f       0x2e f:/stm32cubeide_1.3.0/stm32cubeide/plugins/com.st.stm32cube.ide.mcu.externaltools.gnu-tools-for-stm32.7-2018-q2-update.win32_1.0.0.201904181610/tools/bin/../lib/gcc/arm-none-eabi/7.3.1/../../../../arm-none-eabi/lib/thumb/v7e-m\libc_nano.a(lib_a-nano-msizer.o)
 .ARM.attributes
                0x000000000000088d       0x1e f:/stm32cubeide_1.3.0/stm32cubeide/plugins/com.st.stm32cube.ide.mcu.externaltools.gnu-tools-for-stm32.7-2018-q2-update.win32_1.0.0.201904181610/tools/bin/../lib/gcc/arm-none-eabi/7.3.1/thumb/v7e-m\libgcc.a(_aeabi_uldivmod.o)
 .ARM.attributes
                0x00000000000008ab       0x2e f:/stm32cubeide_1.3.0/stm32cubeide/plugins/com.st.stm32cube.ide.mcu.externaltools.gnu-tools-for-stm32.7-2018-q2-update.win32_1.0.0.201904181610/tools/bin/../lib/gcc/arm-none-eabi/7.3.1/thumb/v7e-m\libgcc.a(_udivmoddi4.o)
 .ARM.attributes
                0x00000000000008d9       0x1e f:/stm32cubeide_1.3.0/stm32cubeide/plugins/com.st.stm32cube.ide.mcu.externaltools.gnu-tools-for-stm32.7-2018-q2-update.win32_1.0.0.201904181610/tools/bin/../lib/gcc/arm-none-eabi/7.3.1/thumb/v7e-m\libgcc.a(_dvmd_tls.o)
 .ARM.attributes
                0x00000000000008f7       0x2e f:/stm32cubeide_1.3.0/stm32cubeide/plugins/com.st.stm32cube.ide.mcu.externaltools.gnu-tools-for-stm32.7-2018-q2-update.win32_1.0.0.201904181610/tools/bin/../lib/gcc/arm-none-eabi/7.3.1/../../../../arm-none-eabi/lib/thumb/v7e-m\libnosys.a(sbrk.o)
 .ARM.attributes
                0x0000000000000925       0x1e f:/stm32cubeide_1.3.0/stm32cubeide/plugins/com.st.stm32cube.ide.mcu.externaltools.gnu-tools-for-stm32.7-2018-q2-update.win32_1.0.0.201904181610/tools/bin/../lib/gcc/arm-none-eabi/7.3.1/thumb/v7e-m/crtn.o
OUTPUT(VL53L0X_Ranging_L476.elf elf32-littlearm)

.debug_info     0x0000000000000000    0x275de
 .debug_info    0x0000000000000000     0x1f22 Drivers/BSP/X-NUCLEO-53L0A1/X-NUCLEO-53L0A1.o
 .debug_info    0x0000000000001f22      0xffb Drivers/BSP/X-NUCLEO-53L0A1/uart_trace.o
 .debug_info    0x0000000000002f1d     0x1908 Drivers/BSP/X-NUCLEO-53L0A1/vl53l0a1-x4msp.o
 .debug_info    0x0000000000004825     0x1995 Drivers/BSP/X-NUCLEO-53L0A1/vl53l0x_platform.o
 .debug_info    0x00000000000061ba     0x41bc Drivers/BSP/vl53l0x/vl53l0x_api.o
 .debug_info    0x000000000000a376     0x237e Drivers/BSP/vl53l0x/vl53l0x_api_calibration.o
 .debug_info    0x000000000000c6f4     0x299d Drivers/BSP/vl53l0x/vl53l0x_api_core.o
 .debug_info    0x000000000000f091      0xa63 Drivers/BSP/vl53l0x/vl53l0x_platform_log.o
 .debug_info    0x000000000000faf4      0xdcd Drivers/CMSIS/system_stm32l4xx.o
 .debug_info    0x00000000000108c1     0x130f Drivers/STM32L4xx_HAL_Driver/stm32l4xx_hal.o
 .debug_info    0x0000000000011bd0     0x158f Drivers/STM32L4xx_HAL_Driver/stm32l4xx_hal_cortex.o
 .debug_info    0x000000000001315f      0xfca Drivers/STM32L4xx_HAL_Driver/stm32l4xx_hal_dma.o
 .debug_info    0x0000000000014129     0x1073 Drivers/STM32L4xx_HAL_Driver/stm32l4xx_hal_gpio.o
 .debug_info    0x000000000001519c     0x240b Drivers/STM32L4xx_HAL_Driver/stm32l4xx_hal_i2c.o
 .debug_info    0x00000000000175a7     0x126a Drivers/STM32L4xx_HAL_Driver/stm32l4xx_hal_pwr_ex.o
 .debug_info    0x0000000000018811     0x1728 Drivers/STM32L4xx_HAL_Driver/stm32l4xx_hal_rcc.o
 .debug_info    0x0000000000019f39     0x1d46 Drivers/STM32L4xx_HAL_Driver/stm32l4xx_hal_rcc_ex.o
 .debug_info    0x000000000001bc7f     0x2b10 Drivers/STM32L4xx_HAL_Driver/stm32l4xx_hal_tim.o
 .debug_info    0x000000000001e78f     0x19be Drivers/STM32L4xx_HAL_Driver/stm32l4xx_hal_tim_ex.o
 .debug_info    0x000000000002014d     0x1b8b Drivers/STM32L4xx_HAL_Driver/stm32l4xx_hal_uart.o
 .debug_info    0x0000000000021cd8     0x10bd Drivers/STM32L4xx_HAL_Driver/stm32l4xx_hal_uart_ex.o
 .debug_info    0x0000000000022d95     0x2b7d src/main.o
 .debug_info    0x0000000000025912     0x12c0 src/stm32l4xx_hal_msp.o
 .debug_info    0x0000000000026bd2      0x9ea src/stm32l4xx_it.o
 .debug_info    0x00000000000275bc       0x22 startup/startup_stm32l476xx.o

.debug_abbrev   0x0000000000000000     0x3dc5
 .debug_abbrev  0x0000000000000000      0x321 Drivers/BSP/X-NUCLEO-53L0A1/X-NUCLEO-53L0A1.o
 .debug_abbrev  0x0000000000000321      0x22c Drivers/BSP/X-NUCLEO-53L0A1/uart_trace.o
 .debug_abbrev  0x000000000000054d      0x27d Drivers/BSP/X-NUCLEO-53L0A1/vl53l0a1-x4msp.o
 .debug_abbrev  0x00000000000007ca      0x243 Drivers/BSP/X-NUCLEO-53L0A1/vl53l0x_platform.o
 .debug_abbrev  0x0000000000000a0d      0x2ad Drivers/BSP/vl53l0x/vl53l0x_api.o
 .debug_abbrev  0x0000000000000cba      0x2c0 Drivers/BSP/vl53l0x/vl53l0x_api_calibration.o
 .debug_abbrev  0x0000000000000f7a      0x2da Drivers/BSP/vl53l0x/vl53l0x_api_core.o
 .debug_abbrev  0x0000000000001254      0x20a Drivers/BSP/vl53l0x/vl53l0x_platform_log.o
 .debug_abbrev  0x000000000000145e      0x1f0 Drivers/CMSIS/system_stm32l4xx.o
 .debug_abbrev  0x000000000000164e      0x27f Drivers/STM32L4xx_HAL_Driver/stm32l4xx_hal.o
 .debug_abbrev  0x00000000000018cd      0x35a Drivers/STM32L4xx_HAL_Driver/stm32l4xx_hal_cortex.o
 .debug_abbrev  0x0000000000001c27      0x253 Drivers/STM32L4xx_HAL_Driver/stm32l4xx_hal_dma.o
 .debug_abbrev  0x0000000000001e7a      0x251 Drivers/STM32L4xx_HAL_Driver/stm32l4xx_hal_gpio.o
 .debug_abbrev  0x00000000000020cb      0x2aa Drivers/STM32L4xx_HAL_Driver/stm32l4xx_hal_i2c.o
 .debug_abbrev  0x0000000000002375      0x2bb Drivers/STM32L4xx_HAL_Driver/stm32l4xx_hal_pwr_ex.o
 .debug_abbrev  0x0000000000002630      0x321 Drivers/STM32L4xx_HAL_Driver/stm32l4xx_hal_rcc.o
 .debug_abbrev  0x0000000000002951      0x305 Drivers/STM32L4xx_HAL_Driver/stm32l4xx_hal_rcc_ex.o
 .debug_abbrev  0x0000000000002c56      0x2b2 Drivers/STM32L4xx_HAL_Driver/stm32l4xx_hal_tim.o
 .debug_abbrev  0x0000000000002f08      0x28f Drivers/STM32L4xx_HAL_Driver/stm32l4xx_hal_tim_ex.o
 .debug_abbrev  0x0000000000003197      0x2b9 Drivers/STM32L4xx_HAL_Driver/stm32l4xx_hal_uart.o
 .debug_abbrev  0x0000000000003450      0x253 Drivers/STM32L4xx_HAL_Driver/stm32l4xx_hal_uart_ex.o
 .debug_abbrev  0x00000000000036a3      0x375 src/main.o
 .debug_abbrev  0x0000000000003a18      0x208 src/stm32l4xx_hal_msp.o
 .debug_abbrev  0x0000000000003c20      0x193 src/stm32l4xx_it.o
 .debug_abbrev  0x0000000000003db3       0x12 startup/startup_stm32l476xx.o

.debug_aranges  0x0000000000000000     0x1680
 .debug_aranges
                0x0000000000000000       0x80 Drivers/BSP/X-NUCLEO-53L0A1/X-NUCLEO-53L0A1.o
 .debug_aranges
                0x0000000000000080       0x30 Drivers/BSP/X-NUCLEO-53L0A1/uart_trace.o
 .debug_aranges
                0x00000000000000b0       0x78 Drivers/BSP/X-NUCLEO-53L0A1/vl53l0a1-x4msp.o
 .debug_aranges
                0x0000000000000128       0x78 Drivers/BSP/X-NUCLEO-53L0A1/vl53l0x_platform.o
 .debug_aranges
                0x00000000000001a0      0x330 Drivers/BSP/vl53l0x/vl53l0x_api.o
 .debug_aranges
                0x00000000000004d0       0xd0 Drivers/BSP/vl53l0x/vl53l0x_api_calibration.o
 .debug_aranges
                0x00000000000005a0       0xe0 Drivers/BSP/vl53l0x/vl53l0x_api_core.o
 .debug_aranges
                0x0000000000000680       0x28 Drivers/BSP/vl53l0x/vl53l0x_platform_log.o
 .debug_aranges
                0x00000000000006a8       0x28 Drivers/CMSIS/system_stm32l4xx.o
 .debug_aranges
                0x00000000000006d0      0x100 Drivers/STM32L4xx_HAL_Driver/stm32l4xx_hal.o
 .debug_aranges
                0x00000000000007d0      0x108 Drivers/STM32L4xx_HAL_Driver/stm32l4xx_hal_cortex.o
 .debug_aranges
                0x00000000000008d8       0x80 Drivers/STM32L4xx_HAL_Driver/stm32l4xx_hal_dma.o
 .debug_aranges
                0x0000000000000958       0x58 Drivers/STM32L4xx_HAL_Driver/stm32l4xx_hal_gpio.o
 .debug_aranges
                0x00000000000009b0      0x260 Drivers/STM32L4xx_HAL_Driver/stm32l4xx_hal_i2c.o
 .debug_aranges
                0x0000000000000c10      0x148 Drivers/STM32L4xx_HAL_Driver/stm32l4xx_hal_pwr_ex.o
 .debug_aranges
                0x0000000000000d58       0x88 Drivers/STM32L4xx_HAL_Driver/stm32l4xx_hal_rcc.o
 .debug_aranges
                0x0000000000000de0       0xb8 Drivers/STM32L4xx_HAL_Driver/stm32l4xx_hal_rcc_ex.o
 .debug_aranges
                0x0000000000000e98      0x378 Drivers/STM32L4xx_HAL_Driver/stm32l4xx_hal_tim.o
 .debug_aranges
                0x0000000000001210      0x150 Drivers/STM32L4xx_HAL_Driver/stm32l4xx_hal_tim_ex.o
 .debug_aranges
                0x0000000000001360      0x180 Drivers/STM32L4xx_HAL_Driver/stm32l4xx_hal_uart.o
 .debug_aranges
                0x00000000000014e0       0x50 Drivers/STM32L4xx_HAL_Driver/stm32l4xx_hal_uart_ex.o
 .debug_aranges
                0x0000000000001530       0xa0 src/main.o
 .debug_aranges
                0x00000000000015d0       0x28 src/stm32l4xx_hal_msp.o
 .debug_aranges
                0x00000000000015f8       0x60 src/stm32l4xx_it.o
 .debug_aranges
                0x0000000000001658       0x28 startup/startup_stm32l476xx.o

.debug_ranges   0x0000000000000000     0x14f8
 .debug_ranges  0x0000000000000000       0x70 Drivers/BSP/X-NUCLEO-53L0A1/X-NUCLEO-53L0A1.o
 .debug_ranges  0x0000000000000070       0x20 Drivers/BSP/X-NUCLEO-53L0A1/uart_trace.o
 .debug_ranges  0x0000000000000090       0x68 Drivers/BSP/X-NUCLEO-53L0A1/vl53l0a1-x4msp.o
 .debug_ranges  0x00000000000000f8       0x68 Drivers/BSP/X-NUCLEO-53L0A1/vl53l0x_platform.o
 .debug_ranges  0x0000000000000160      0x320 Drivers/BSP/vl53l0x/vl53l0x_api.o
 .debug_ranges  0x0000000000000480       0xc0 Drivers/BSP/vl53l0x/vl53l0x_api_calibration.o
 .debug_ranges  0x0000000000000540       0xd0 Drivers/BSP/vl53l0x/vl53l0x_api_core.o
 .debug_ranges  0x0000000000000610       0x18 Drivers/BSP/vl53l0x/vl53l0x_platform_log.o
 .debug_ranges  0x0000000000000628       0x18 Drivers/CMSIS/system_stm32l4xx.o
 .debug_ranges  0x0000000000000640       0xf0 Drivers/STM32L4xx_HAL_Driver/stm32l4xx_hal.o
 .debug_ranges  0x0000000000000730       0xf8 Drivers/STM32L4xx_HAL_Driver/stm32l4xx_hal_cortex.o
 .debug_ranges  0x0000000000000828       0x70 Drivers/STM32L4xx_HAL_Driver/stm32l4xx_hal_dma.o
 .debug_ranges  0x0000000000000898       0x48 Drivers/STM32L4xx_HAL_Driver/stm32l4xx_hal_gpio.o
 .debug_ranges  0x00000000000008e0      0x250 Drivers/STM32L4xx_HAL_Driver/stm32l4xx_hal_i2c.o
 .debug_ranges  0x0000000000000b30      0x138 Drivers/STM32L4xx_HAL_Driver/stm32l4xx_hal_pwr_ex.o
 .debug_ranges  0x0000000000000c68       0x78 Drivers/STM32L4xx_HAL_Driver/stm32l4xx_hal_rcc.o