stm32l4xx_hal_uart.c:223:19:HAL_UART_Init	16	static
stm32l4xx_hal_uart.c:286:19:HAL_HalfDuplex_Init	16	static
stm32l4xx_hal_uart.c:349:19:HAL_LIN_Init	16	static
stm32l4xx_hal_uart.c:436:19:HAL_MultiProcessor_Init	24	static
stm32l4xx_hal_uart.c:500:19:HAL_UART_DeInit	16	static
stm32l4xx_hal_uart.c:538:13:HAL_UART_MspInit	16	static
stm32l4xx_hal_uart.c:553:13:HAL_UART_MspDeInit	16	static
stm32l4xx_hal_uart.c:638:19:HAL_UART_Transmit	40	static
stm32l4xx_hal_uart.c:707:19:HAL_UART_Receive	48	static
stm32l4xx_hal_uart.c:778:19:HAL_UART_Transmit_IT	24	static
stm32l4xx_hal_uart.c:819:19:HAL_UART_Receive_IT	24	static
stm32l4xx_hal_uart.c:869:19:HAL_UART_Transmit_DMA	32	static
stm32l4xx_hal_uart.c:934:19:HAL_UART_Receive_DMA	32	static
stm32l4xx_hal_uart.c:997:19:HAL_UART_DMAPause	16	static
stm32l4xx_hal_uart.c:1030:19:HAL_UART_DMAResume	16	static
stm32l4xx_hal_uart.c:1064:19:HAL_UART_DMAStop	16	static
stm32l4xx_hal_uart.c:1111:6:HAL_UART_IRQHandler	32	static
stm32l4xx_hal_uart.c:1262:13:HAL_UART_TxCpltCallback	16	static
stm32l4xx_hal_uart.c:1277:13:HAL_UART_TxHalfCpltCallback	16	static
stm32l4xx_hal_uart.c:1292:13:HAL_UART_RxCpltCallback	16	static
stm32l4xx_hal_uart.c:1307:13:HAL_UART_RxHalfCpltCallback	16	static
stm32l4xx_hal_uart.c:1322:13:HAL_UART_ErrorCallback	16	static
stm32l4xx_hal_uart.c:1366:19:HAL_MultiProcessor_EnableMuteMode	16	static
stm32l4xx_hal_uart.c:1387:19:HAL_MultiProcessor_DisableMuteMode	16	static
stm32l4xx_hal_uart.c:1408:6:HAL_MultiProcessor_EnterMuteMode	16	static
stm32l4xx_hal_uart.c:1418:19:HAL_HalfDuplex_EnableTransmitter	16	static
stm32l4xx_hal_uart.c:1442:19:HAL_HalfDuplex_EnableReceiver	16	static
stm32l4xx_hal_uart.c:1466:19:HAL_LIN_SendBreak	16	static
stm32l4xx_hal_uart.c:1514:23:HAL_UART_GetState	24	static
stm32l4xx_hal_uart.c:1529:10:HAL_UART_GetError	16	static
stm32l4xx_hal_uart.c:1550:19:UART_SetConfig	40	static
stm32l4xx_hal_uart.c:1741:6:UART_AdvFeatureConfig	16	static
stm32l4xx_hal_uart.c:1815:19:UART_CheckIdleState	32	static
stm32l4xx_hal_uart.c:1865:19:UART_WaitOnFlagUntilTimeout	24	static
stm32l4xx_hal_uart.c:1898:13:UART_EndTxTransfer	16	static
stm32l4xx_hal_uart.c:1913:13:UART_EndRxTransfer	16	static
stm32l4xx_hal_uart.c:1929:13:UART_DMATransmitCplt	24	static
stm32l4xx_hal_uart.c:1958:13:UART_DMATxHalfCplt	24	static
stm32l4xx_hal_uart.c:1970:13:UART_DMAReceiveCplt	24	static
stm32l4xx_hal_uart.c:1999:13:UART_DMARxHalfCplt	24	static
stm32l4xx_hal_uart.c:2011:13:UART_DMAError	24	static
stm32l4xx_hal_uart.c:2041:13:UART_DMAAbortOnError	24	static
stm32l4xx_hal_uart.c:2057:26:UART_Transmit_IT	24	static
stm32l4xx_hal_uart.c:2106:26:UART_EndTransmit_IT	16	static
stm32l4xx_hal_uart.c:2127:26:UART_Receive_IT	32	static
